2026-09-04 15:40:29 [INFO   ] ============================================================================
2026-09-04 15:40:29 [INFO   ]    PRE-FLIGHT CHECKS & SYSTEM INITIALIZATION
2026-09-04 15:40:29 [INFO   ] ============================================================================
2026-09-04 15:40:29 [INFO   ] Testing connectivity to KCEX API...
2026-09-04 15:40:29 [INFO   ] Live USD/INR Exchange Rate: INR 94.49 per USD
2026-09-04 15:40:30 [INFO   ] Trading Pair: TRUMP_USDT | Tick Size (pu): 0.001 | Contract Size (cs): 0.1 | Min Volume: 1.0 contract(s)
2026-09-04 15:40:30 [INFO   ] Effective Fees: Maker 0.00% / Taker 0.00% (ZERO FEES CONFIRMED)
2026-09-04 15:40:30 [INFO   ] Engine Mode: DRY-RUN
2026-09-04 15:40:30 [INFO   ] Sub-strategy: EMACrossover
2026-09-04 15:40:30 [INFO   ] Position Sizing: 2 contract(s) [Trade Qty != Margin; Committed Margin = Trade Qty / 75x leverage]
2026-09-04 15:40:30 [INFO   ] Target Leverage: 75x isolated
2026-09-04 15:40:30 [INFO   ] Min-Profit Take Profit rule: Entry Price +/- 1 pu (Tick Size)
2026-09-04 15:40:30 [INFO   ] Stop Loss rule: -25.0% ROE on margin
2026-09-04 15:40:30 [INFO   ] Post-trade cooldown: 10.0s
2026-09-04 15:40:30 [INFO   ] ============================================================================
2026-09-04 15:40:30 [INFO   ]    PRE-FLIGHT CHECKS PASSED - ENGINE READY
2026-09-04 15:40:30 [INFO   ] ============================================================================
2026-09-04 15:40:30 [INFO   ] Starting Masterplan Automated Execution Loop...
2026-09-04 15:40:30 [INFO   ] Target Trades: Unlimited
2026-09-04 15:40:30 [INFO   ] [HUNTING ENTRY] EMA(5/13) Min1 | Fast: 2.382 | Slow: 2.383 | Diff: -0.001 (-0.06%) | Trend: BEARISH | Bar Close In: 29s
2026-09-04 15:40:34 [INFO   ] [HUNTING ENTRY] EMA(5/13) Min1 | Fast: 2.382 | Slow: 2.383 | Diff: -0.001 (-0.05%) | Trend: BEARISH | Bar Close In: 25s
2026-09-04 15:40:38 [INFO   ] [HUNTING ENTRY] EMA(5/13) Min1 | Fast: 2.382 | Slow: 2.383 | Diff: -0.001 (-0.05%) | Trend: BEARISH | Bar Close In: 21s
2026-09-04 15:40:43 [INFO   ] [HUNTING ENTRY] EMA(5/13) Min1 | Fast: 2.381 | Slow: 2.383 | Diff: -0.002 (-0.07%) | Trend: BEARISH | Bar Close In: 17s
2026-09-04 15:40:47 [INFO   ] [HUNTING ENTRY] EMA(5/13) Min1 | Fast: 2.382 | Slow: 2.383 | Diff: -0.001 (-0.05%) | Trend: BEARISH | Bar Close In: 13s
2026-09-04 15:40:51 [INFO   ] [HUNTING ENTRY] EMA(5/13) Min1 | Fast: 2.382 | Slow: 2.383 | Diff: -0.001 (-0.04%) | Trend: BEARISH | Bar Close In: 8s
2026-09-04 15:40:55 [INFO   ] [HUNTING ENTRY] EMA(5/13) Min1 | Fast: 2.382 | Slow: 2.383 | Diff: -0.001 (-0.04%) | Trend: BEARISH | Bar Close In: 4s
2026-09-04 15:41:00 [INFO   ] [HUNTING ENTRY] EMA(5/13) Min1 | Fast: 2.382 | Slow: 2.383 | Diff: -0.001 (-0.05%) | Trend: BEARISH | Bar Close In: 0s
2026-09-04 15:41:04 [INFO   ] [HUNTING ENTRY] EMA(5/13) Min1 | Fast: 2.382 | Slow: 2.383 | Diff: -0.001 (-0.05%) | Trend: BEARISH | Bar Close In: 56s
2026-09-04 15:41:08 [INFO   ] [HUNTING ENTRY] EMA(5/13) Min1 | Fast: 2.382 | Slow: 2.383 | Diff: -0.001 (-0.04%) | Trend: BEARISH | Bar Close In: 52s
2026-09-04 15:41:12 [INFO   ] [HUNTING ENTRY] EMA(5/13) Min1 | Fast: 2.382 | Slow: 2.383 | Diff: -0.001 (-0.04%) | Trend: BEARISH | Bar Close In: 48s
2026-09-04 15:41:16 [INFO   ] [HUNTING ENTRY] EMA(5/13) Min1 | Fast: 2.382 | Slow: 2.383 | Diff: -0.001 (-0.04%) | Trend: BEARISH | Bar Close In: 44s
2026-09-04 15:41:20 [INFO   ] [HUNTING ENTRY] EMA(5/13) Min1 | Fast: 2.383 | Slow: 2.383 | Diff: -0.001 (-0.03%) | Trend: BEARISH | Bar Close In: 40s
2026-09-04 15:41:24 [INFO   ] [HUNTING ENTRY] EMA(5/13) Min1 | Fast: 2.382 | Slow: 2.383 | Diff: -0.001 (-0.04%) | Trend: BEARISH | Bar Close In: 35s
2026-09-04 15:41:28 [INFO   ] [HUNTING ENTRY] EMA(5/13) Min1 | Fast: 2.382 | Slow: 2.383 | Diff: -0.001 (-0.04%) | Trend: BEARISH | Bar Close In: 31s
2026-09-04 15:41:32 [INFO   ] [HUNTING ENTRY] EMA(5/13) Min1 | Fast: 2.382 | Slow: 2.383 | Diff: -0.001 (-0.04%) | Trend: BEARISH | Bar Close In: 27s
2026-09-04 15:41:36 [INFO   ] [HUNTING ENTRY] EMA(5/13) Min1 | Fast: 2.382 | Slow: 2.383 | Diff: -0.001 (-0.04%) | Trend: BEARISH | Bar Close In: 23s
2026-09-04 15:41:41 [INFO   ] [HUNTING ENTRY] EMA(5/13) Min1 | Fast: 2.382 | Slow: 2.383 | Diff: -0.001 (-0.04%) | Trend: BEARISH | Bar Close In: 19s
2026-09-04 15:41:45 [INFO   ] [HUNTING ENTRY] EMA(5/13) Min1 | Fast: 2.382 | Slow: 2.383 | Diff: -0.001 (-0.04%) | Trend: BEARISH | Bar Close In: 15s
2026-09-04 15:41:49 [INFO   ] [HUNTING ENTRY] EMA(5/13) Min1 | Fast: 2.383 | Slow: 2.383 | Diff: -0.001 (-0.03%) | Trend: BEARISH | Bar Close In: 11s
2026-09-04 15:41:53 [INFO   ] [HUNTING ENTRY] EMA(5/13) Min1 | Fast: 2.382 | Slow: 2.383 | Diff: -0.001 (-0.04%) | Trend: BEARISH | Bar Close In: 6s
2026-09-04 15:41:57 [INFO   ] [HUNTING ENTRY] EMA(5/13) Min1 | Fast: 2.383 | Slow: 2.383 | Diff: -0.001 (-0.03%) | Trend: BEARISH | Bar Close In: 2s
2026-09-04 15:42:01 [INFO   ] [HUNTING ENTRY] EMA(5/13) Min1 | Fast: 2.383 | Slow: 2.383 | Diff: -0.000 (-0.01%) | Trend: BEARISH | Bar Close In: 58s
2026-09-04 15:42:06 [INFO   ] [HUNTING ENTRY] EMA(5/13) Min1 | Fast: 2.383 | Slow: 2.384 | Diff: -0.000 (-0.00%) | Trend: BEARISH | Bar Close In: 54s
2026-09-04 15:42:10 [INFO   ] [HUNTING ENTRY] EMA(5/13) Min1 | Fast: 2.383 | Slow: 2.384 | Diff: -0.000 (-0.00%) | Trend: BEARISH | Bar Close In: 50s
2026-09-04 15:42:14 [INFO   ] [HUNTING ENTRY] EMA(5/13) Min1 | Fast: 2.384 | Slow: 2.384 | Diff: +0.000 (+0.02%) | Trend: BULLISH | Bar Close In: 46s
2026-09-04 15:42:18 [INFO   ] [HUNTING ENTRY] EMA(5/13) Min1 | Fast: 2.384 | Slow: 2.384 | Diff: +0.000 (+0.00%) | Trend: BULLISH | Bar Close In: 41s
2026-09-04 15:42:22 [INFO   ] [HUNTING ENTRY] EMA(5/13) Min1 | Fast: 2.384 | Slow: 2.384 | Diff: +0.000 (+0.00%) | Trend: BULLISH | Bar Close In: 37s
2026-09-04 15:42:26 [INFO   ] [HUNTING ENTRY] EMA(5/13) Min1 | Fast: 2.384 | Slow: 2.384 | Diff: +0.000 (+0.00%) | Trend: BULLISH | Bar Close In: 33s
2026-09-04 15:42:31 [INFO   ] [HUNTING ENTRY] EMA(5/13) Min1 | Fast: 2.384 | Slow: 2.384 | Diff: +0.000 (+0.00%) | Trend: BULLISH | Bar Close In: 29s
2026-09-04 15:42:35 [INFO   ] [HUNTING ENTRY] EMA(5/13) Min1 | Fast: 2.384 | Slow: 2.384 | Diff: +0.000 (+0.01%) | Trend: BULLISH | Bar Close In: 25s
2026-09-04 15:42:39 [INFO   ] [HUNTING ENTRY] EMA(5/13) Min1 | Fast: 2.384 | Slow: 2.384 | Diff: +0.000 (+0.01%) | Trend: BULLISH | Bar Close In: 20s
2026-09-04 15:42:43 [INFO   ] [HUNTING ENTRY] EMA(5/13) Min1 | Fast: 2.384 | Slow: 2.384 | Diff: +0.000 (+0.01%) | Trend: BULLISH | Bar Close In: 16s
2026-09-04 15:42:47 [INFO   ] [HUNTING ENTRY] EMA(5/13) Min1 | Fast: 2.384 | Slow: 2.384 | Diff: +0.000 (+0.00%) | Trend: BULLISH | Bar Close In: 12s
2026-09-04 15:42:52 [INFO   ] [HUNTING ENTRY] EMA(5/13) Min1 | Fast: 2.383 | Slow: 2.383 | Diff: -0.000 (-0.02%) | Trend: BEARISH | Bar Close In: 8s
2026-09-04 15:42:56 [INFO   ] [HUNTING ENTRY] EMA(5/13) Min1 | Fast: 2.382 | Slow: 2.383 | Diff: -0.001 (-0.03%) | Trend: BEARISH | Bar Close In: 4s
2026-09-04 15:43:00 [INFO   ] [HUNTING ENTRY] EMA(5/13) Min1 | Fast: 2.382 | Slow: 2.383 | Diff: -0.001 (-0.03%) | Trend: BEARISH | Bar Close In: 0s
2026-09-04 15:43:04 [INFO   ] [HUNTING ENTRY] EMA(5/13) Min1 | Fast: 2.382 | Slow: 2.383 | Diff: -0.001 (-0.03%) | Trend: BEARISH | Bar Close In: 55s
2026-09-04 15:43:08 [INFO   ] [HUNTING ENTRY] EMA(5/13) Min1 | Fast: 2.381 | Slow: 2.382 | Diff: -0.001 (-0.06%) | Trend: BEARISH | Bar Close In: 51s
2026-09-04 15:43:12 [INFO   ] [HUNTING ENTRY] EMA(5/13) Min1 | Fast: 2.381 | Slow: 2.382 | Diff: -0.001 (-0.06%) | Trend: BEARISH | Bar Close In: 47s
2026-09-04 15:43:17 [INFO   ] [HUNTING ENTRY] EMA(5/13) Min1 | Fast: 2.381 | Slow: 2.382 | Diff: -0.001 (-0.05%) | Trend: BEARISH | Bar Close In: 43s
2026-09-04 15:43:21 [INFO   ] [HUNTING ENTRY] EMA(5/13) Min1 | Fast: 2.381 | Slow: 2.382 | Diff: -0.001 (-0.05%) | Trend: BEARISH | Bar Close In: 39s
2026-09-04 15:43:25 [INFO   ] [HUNTING ENTRY] EMA(5/13) Min1 | Fast: 2.381 | Slow: 2.382 | Diff: -0.001 (-0.05%) | Trend: BEARISH | Bar Close In: 35s
2026-09-04 15:43:29 [INFO   ] [HUNTING ENTRY] EMA(5/13) Min1 | Fast: 2.381 | Slow: 2.382 | Diff: -0.001 (-0.05%) | Trend: BEARISH | Bar Close In: 30s
2026-09-04 15:43:33 [INFO   ] [HUNTING ENTRY] EMA(5/13) Min1 | Fast: 2.381 | Slow: 2.382 | Diff: -0.001 (-0.06%) | Trend: BEARISH | Bar Close In: 26s
2026-09-04 15:43:37 [INFO   ] [HUNTING ENTRY] EMA(5/13) Min1 | Fast: 2.381 | Slow: 2.382 | Diff: -0.001 (-0.06%) | Trend: BEARISH | Bar Close In: 22s
2026-09-04 15:43:42 [INFO   ] [HUNTING ENTRY] EMA(5/13) Min1 | Fast: 2.380 | Slow: 2.382 | Diff: -0.002 (-0.08%) | Trend: BEARISH | Bar Close In: 18s
2026-09-04 15:43:46 [INFO   ] [HUNTING ENTRY] EMA(5/13) Min1 | Fast: 2.379 | Slow: 2.382 | Diff: -0.002 (-0.10%) | Trend: BEARISH | Bar Close In: 14s
2026-09-04 15:43:50 [INFO   ] [HUNTING ENTRY] EMA(5/13) Min1 | Fast: 2.379 | Slow: 2.381 | Diff: -0.003 (-0.11%) | Trend: BEARISH | Bar Close In: 10s
2026-09-04 15:43:54 [INFO   ] [HUNTING ENTRY] EMA(5/13) Min1 | Fast: 2.379 | Slow: 2.381 | Diff: -0.003 (-0.12%) | Trend: BEARISH | Bar Close In: 5s
2026-09-04 15:43:58 [INFO   ] [HUNTING ENTRY] EMA(5/13) Min1 | Fast: 2.379 | Slow: 2.381 | Diff: -0.003 (-0.12%) | Trend: BEARISH | Bar Close In: 1s
2026-09-04 15:44:03 [INFO   ] [HUNTING ENTRY] EMA(5/13) Min1 | Fast: 2.376 | Slow: 2.380 | Diff: -0.004 (-0.16%) | Trend: BEARISH | Bar Close In: 57s
2026-09-04 15:44:07 [INFO   ] [HUNTING ENTRY] EMA(5/13) Min1 | Fast: 2.376 | Slow: 2.380 | Diff: -0.004 (-0.17%) | Trend: BEARISH | Bar Close In: 53s
2026-09-04 15:44:11 [INFO   ] [HUNTING ENTRY] EMA(5/13) Min1 | Fast: 2.376 | Slow: 2.380 | Diff: -0.004 (-0.16%) | Trend: BEARISH | Bar Close In: 48s
2026-09-04 15:44:15 [INFO   ] [HUNTING ENTRY] EMA(5/13) Min1 | Fast: 2.376 | Slow: 2.380 | Diff: -0.004 (-0.17%) | Trend: BEARISH | Bar Close In: 44s
2026-09-04 15:44:19 [INFO   ] [HUNTING ENTRY] EMA(5/13) Min1 | Fast: 2.375 | Slow: 2.379 | Diff: -0.005 (-0.19%) | Trend: BEARISH | Bar Close In: 40s
2026-09-04 15:44:23 [INFO   ] [HUNTING ENTRY] EMA(5/13) Min1 | Fast: 2.375 | Slow: 2.379 | Diff: -0.004 (-0.18%) | Trend: BEARISH | Bar Close In: 36s
2026-09-04 15:44:28 [INFO   ] [HUNTING ENTRY] EMA(5/13) Min1 | Fast: 2.375 | Slow: 2.379 | Diff: -0.004 (-0.18%) | Trend: BEARISH | Bar Close In: 32s
2026-09-04 15:44:32 [INFO   ] [HUNTING ENTRY] EMA(5/13) Min1 | Fast: 2.375 | Slow: 2.379 | Diff: -0.005 (-0.19%) | Trend: BEARISH | Bar Close In: 28s
2026-09-04 15:44:36 [INFO   ] [HUNTING ENTRY] EMA(5/13) Min1 | Fast: 2.375 | Slow: 2.379 | Diff: -0.004 (-0.18%) | Trend: BEARISH | Bar Close In: 23s
2026-09-04 15:44:41 [INFO   ] [HUNTING ENTRY] EMA(5/13) Min1 | Fast: 2.375 | Slow: 2.379 | Diff: -0.005 (-0.19%) | Trend: BEARISH | Bar Close In: 19s
2026-09-04 15:44:45 [INFO   ] [HUNTING ENTRY] EMA(5/13) Min1 | Fast: 2.375 | Slow: 2.379 | Diff: -0.004 (-0.18%) | Trend: BEARISH | Bar Close In: 15s
2026-09-04 15:44:49 [INFO   ] [HUNTING ENTRY] EMA(5/13) Min1 | Fast: 2.375 | Slow: 2.379 | Diff: -0.004 (-0.18%) | Trend: BEARISH | Bar Close In: 10s
2026-09-04 15:44:53 [INFO   ] [HUNTING ENTRY] EMA(5/13) Min1 | Fast: 2.375 | Slow: 2.379 | Diff: -0.005 (-0.19%) | Trend: BEARISH | Bar Close In: 6s
2026-09-04 15:44:57 [INFO   ] [HUNTING ENTRY] EMA(5/13) Min1 | Fast: 2.374 | Slow: 2.379 | Diff: -0.005 (-0.20%) | Trend: BEARISH | Bar Close In: 2s
2026-09-04 15:45:02 [INFO   ] [HUNTING ENTRY] EMA(5/13) Min1 | Fast: 2.372 | Slow: 2.378 | Diff: -0.005 (-0.22%) | Trend: BEARISH | Bar Close In: 58s
2026-09-04 15:45:06 [INFO   ] [HUNTING ENTRY] EMA(5/13) Min1 | Fast: 2.372 | Slow: 2.377 | Diff: -0.005 (-0.23%) | Trend: BEARISH | Bar Close In: 53s
2026-09-04 15:45:10 [INFO   ] [HUNTING ENTRY] EMA(5/13) Min1 | Fast: 2.372 | Slow: 2.378 | Diff: -0.005 (-0.22%) | Trend: BEARISH | Bar Close In: 49s
2026-09-04 15:45:15 [INFO   ] [HUNTING ENTRY] EMA(5/13) Min1 | Fast: 2.373 | Slow: 2.378 | Diff: -0.005 (-0.21%) | Trend: BEARISH | Bar Close In: 45s
2026-09-04 15:45:19 [INFO   ] [HUNTING ENTRY] EMA(5/13) Min1 | Fast: 2.373 | Slow: 2.378 | Diff: -0.005 (-0.21%) | Trend: BEARISH | Bar Close In: 41s
2026-09-04 15:45:23 [INFO   ] [HUNTING ENTRY] EMA(5/13) Min1 | Fast: 2.372 | Slow: 2.377 | Diff: -0.005 (-0.23%) | Trend: BEARISH | Bar Close In: 36s
2026-09-04 15:45:27 [INFO   ] [HUNTING ENTRY] EMA(5/13) Min1 | Fast: 2.372 | Slow: 2.377 | Diff: -0.005 (-0.23%) | Trend: BEARISH | Bar Close In: 32s
2026-09-04 15:45:32 [INFO   ] [HUNTING ENTRY] EMA(5/13) Min1 | Fast: 2.372 | Slow: 2.377 | Diff: -0.006 (-0.24%) | Trend: BEARISH | Bar Close In: 28s
2026-09-04 15:45:36 [INFO   ] [HUNTING ENTRY] EMA(5/13) Min1 | Fast: 2.372 | Slow: 2.377 | Diff: -0.006 (-0.24%) | Trend: BEARISH | Bar Close In: 24s
2026-09-04 15:45:40 [INFO   ] [HUNTING ENTRY] EMA(5/13) Min1 | Fast: 2.372 | Slow: 2.377 | Diff: -0.005 (-0.23%) | Trend: BEARISH | Bar Close In: 19s
2026-09-04 15:45:44 [INFO   ] [HUNTING ENTRY] EMA(5/13) Min1 | Fast: 2.372 | Slow: 2.377 | Diff: -0.005 (-0.23%) | Trend: BEARISH | Bar Close In: 15s
2026-09-04 15:45:48 [INFO   ] [HUNTING ENTRY] EMA(5/13) Min1 | Fast: 2.372 | Slow: 2.378 | Diff: -0.005 (-0.22%) | Trend: BEARISH | Bar Close In: 11s
2026-09-04 15:45:53 [INFO   ] [HUNTING ENTRY] EMA(5/13) Min1 | Fast: 2.373 | Slow: 2.378 | Diff: -0.005 (-0.21%) | Trend: BEARISH | Bar Close In: 7s
2026-09-04 15:45:57 [INFO   ] [HUNTING ENTRY] EMA(5/13) Min1 | Fast: 2.373 | Slow: 2.378 | Diff: -0.005 (-0.21%) | Trend: BEARISH | Bar Close In: 3s
2026-09-04 15:46:01 [INFO   ] [HUNTING ENTRY] EMA(5/13) Min1 | Fast: 2.372 | Slow: 2.377 | Diff: -0.005 (-0.19%) | Trend: BEARISH | Bar Close In: 58s
2026-09-04 15:46:05 [INFO   ] [HUNTING ENTRY] EMA(5/13) Min1 | Fast: 2.372 | Slow: 2.377 | Diff: -0.005 (-0.20%) | Trend: BEARISH | Bar Close In: 54s
2026-09-04 15:46:10 [INFO   ] [HUNTING ENTRY] EMA(5/13) Min1 | Fast: 2.372 | Slow: 2.377 | Diff: -0.005 (-0.20%) | Trend: BEARISH | Bar Close In: 50s
2026-09-04 15:46:14 [INFO   ] [HUNTING ENTRY] EMA(5/13) Min1 | Fast: 2.372 | Slow: 2.377 | Diff: -0.005 (-0.20%) | Trend: BEARISH | Bar Close In: 46s
2026-09-04 15:46:18 [INFO   ] [HUNTING ENTRY] EMA(5/13) Min1 | Fast: 2.372 | Slow: 2.377 | Diff: -0.005 (-0.20%) | Trend: BEARISH | Bar Close In: 42s
2026-09-04 15:46:22 [INFO   ] [HUNTING ENTRY] EMA(5/13) Min1 | Fast: 2.372 | Slow: 2.377 | Diff: -0.005 (-0.20%) | Trend: BEARISH | Bar Close In: 38s
2026-09-04 15:46:26 [INFO   ] [HUNTING ENTRY] EMA(5/13) Min1 | Fast: 2.371 | Slow: 2.376 | Diff: -0.005 (-0.22%) | Trend: BEARISH | Bar Close In: 33s
2026-09-04 15:46:30 [INFO   ] [HUNTING ENTRY] EMA(5/13) Min1 | Fast: 2.371 | Slow: 2.376 | Diff: -0.005 (-0.22%) | Trend: BEARISH | Bar Close In: 29s
2026-09-04 15:46:34 [INFO   ] [HUNTING ENTRY] EMA(5/13) Min1 | Fast: 2.371 | Slow: 2.376 | Diff: -0.006 (-0.23%) | Trend: BEARISH | Bar Close In: 25s
2026-09-04 15:46:39 [INFO   ] [HUNTING ENTRY] EMA(5/13) Min1 | Fast: 2.371 | Slow: 2.376 | Diff: -0.006 (-0.23%) | Trend: BEARISH | Bar Close In: 21s
2026-09-04 15:46:43 [INFO   ] [HUNTING ENTRY] EMA(5/13) Min1 | Fast: 2.371 | Slow: 2.376 | Diff: -0.006 (-0.23%) | Trend: BEARISH | Bar Close In: 17s
2026-09-04 15:46:47 [INFO   ] [HUNTING ENTRY] EMA(5/13) Min1 | Fast: 2.372 | Slow: 2.377 | Diff: -0.005 (-0.21%) | Trend: BEARISH | Bar Close In: 12s
2026-09-04 15:46:51 [INFO   ] [HUNTING ENTRY] EMA(5/13) Min1 | Fast: 2.371 | Slow: 2.376 | Diff: -0.005 (-0.22%) | Trend: BEARISH | Bar Close In: 8s
2026-09-04 15:46:55 [INFO   ] [HUNTING ENTRY] EMA(5/13) Min1 | Fast: 2.372 | Slow: 2.377 | Diff: -0.005 (-0.21%) | Trend: BEARISH | Bar Close In: 4s
2026-09-04 15:47:00 [INFO   ] [HUNTING ENTRY] EMA(5/13) Min1 | Fast: 2.372 | Slow: 2.377 | Diff: -0.005 (-0.21%) | Trend: BEARISH | Bar Close In: 0s
2026-09-04 15:47:04 [INFO   ] [HUNTING ENTRY] EMA(5/13) Min1 | Fast: 2.371 | Slow: 2.376 | Diff: -0.005 (-0.20%) | Trend: BEARISH | Bar Close In: 56s
2026-09-04 15:47:08 [INFO   ] [HUNTING ENTRY] EMA(5/13) Min1 | Fast: 2.370 | Slow: 2.375 | Diff: -0.005 (-0.21%) | Trend: BEARISH | Bar Close In: 52s
2026-09-04 15:47:12 [INFO   ] [HUNTING ENTRY] EMA(5/13) Min1 | Fast: 2.371 | Slow: 2.376 | Diff: -0.005 (-0.20%) | Trend: BEARISH | Bar Close In: 48s
2026-09-04 15:47:16 [INFO   ] [HUNTING ENTRY] EMA(5/13) Min1 | Fast: 2.371 | Slow: 2.376 | Diff: -0.004 (-0.18%) | Trend: BEARISH | Bar Close In: 43s
2026-09-04 15:47:21 [INFO   ] [HUNTING ENTRY] EMA(5/13) Min1 | Fast: 2.371 | Slow: 2.376 | Diff: -0.005 (-0.19%) | Trend: BEARISH | Bar Close In: 39s
2026-09-04 15:47:25 [INFO   ] [HUNTING ENTRY] EMA(5/13) Min1 | Fast: 2.371 | Slow: 2.376 | Diff: -0.004 (-0.18%) | Trend: BEARISH | Bar Close In: 34s
2026-09-04 15:47:29 [INFO   ] [HUNTING ENTRY] EMA(5/13) Min1 | Fast: 2.372 | Slow: 2.376 | Diff: -0.004 (-0.18%) | Trend: BEARISH | Bar Close In: 30s
2026-09-04 15:47:34 [INFO   ] [HUNTING ENTRY] EMA(5/13) Min1 | Fast: 2.371 | Slow: 2.376 | Diff: -0.004 (-0.18%) | Trend: BEARISH | Bar Close In: 26s
2026-09-04 15:47:38 [INFO   ] [HUNTING ENTRY] EMA(5/13) Min1 | Fast: 2.372 | Slow: 2.376 | Diff: -0.004 (-0.18%) | Trend: BEARISH | Bar Close In: 22s
2026-09-04 15:47:42 [INFO   ] [HUNTING ENTRY] EMA(5/13) Min1 | Fast: 2.371 | Slow: 2.376 | Diff: -0.004 (-0.18%) | Trend: BEARISH | Bar Close In: 17s
2026-09-04 15:47:46 [INFO   ] [HUNTING ENTRY] EMA(5/13) Min1 | Fast: 2.370 | Slow: 2.375 | Diff: -0.005 (-0.21%) | Trend: BEARISH | Bar Close In: 13s
2026-09-04 15:47:51 [INFO   ] [HUNTING ENTRY] EMA(5/13) Min1 | Fast: 2.371 | Slow: 2.376 | Diff: -0.005 (-0.20%) | Trend: BEARISH | Bar Close In: 8s
2026-09-04 15:47:55 [INFO   ] [HUNTING ENTRY] EMA(5/13) Min1 | Fast: 2.371 | Slow: 2.376 | Diff: -0.005 (-0.20%) | Trend: BEARISH | Bar Close In: 4s
2026-09-04 15:47:59 [INFO   ] [HUNTING ENTRY] EMA(5/13) Min1 | Fast: 2.370 | Slow: 2.375 | Diff: -0.005 (-0.21%) | Trend: BEARISH | Bar Close In: 0s
2026-09-04 15:48:04 [INFO   ] [HUNTING ENTRY] EMA(5/13) Min1 | Fast: 2.370 | Slow: 2.374 | Diff: -0.005 (-0.19%) | Trend: BEARISH | Bar Close In: 56s
2026-09-04 15:48:08 [INFO   ] [HUNTING ENTRY] EMA(5/13) Min1 | Fast: 2.370 | Slow: 2.375 | Diff: -0.004 (-0.18%) | Trend: BEARISH | Bar Close In: 52s
2026-09-04 15:48:12 [INFO   ] [HUNTING ENTRY] EMA(5/13) Min1 | Fast: 2.370 | Slow: 2.374 | Diff: -0.005 (-0.19%) | Trend: BEARISH | Bar Close In: 48s
2026-09-04 15:48:16 [INFO   ] [HUNTING ENTRY] EMA(5/13) Min1 | Fast: 2.370 | Slow: 2.374 | Diff: -0.005 (-0.19%) | Trend: BEARISH | Bar Close In: 43s
2026-09-04 15:48:20 [INFO   ] [HUNTING ENTRY] EMA(5/13) Min1 | Fast: 2.370 | Slow: 2.375 | Diff: -0.004 (-0.18%) | Trend: BEARISH | Bar Close In: 39s
2026-09-04 15:48:24 [INFO   ] [HUNTING ENTRY] EMA(5/13) Min1 | Fast: 2.371 | Slow: 2.375 | Diff: -0.004 (-0.17%) | Trend: BEARISH | Bar Close In: 35s
2026-09-04 15:48:29 [INFO   ] [HUNTING ENTRY] EMA(5/13) Min1 | Fast: 2.371 | Slow: 2.375 | Diff: -0.004 (-0.17%) | Trend: BEARISH | Bar Close In: 31s
2026-09-04 15:48:33 [INFO   ] [HUNTING ENTRY] EMA(5/13) Min1 | Fast: 2.371 | Slow: 2.375 | Diff: -0.004 (-0.17%) | Trend: BEARISH | Bar Close In: 27s
2026-09-04 15:48:37 [INFO   ] [HUNTING ENTRY] EMA(5/13) Min1 | Fast: 2.371 | Slow: 2.375 | Diff: -0.004 (-0.17%) | Trend: BEARISH | Bar Close In: 23s
2026-09-04 15:48:41 [INFO   ] [HUNTING ENTRY] EMA(5/13) Min1 | Fast: 2.371 | Slow: 2.375 | Diff: -0.004 (-0.17%) | Trend: BEARISH | Bar Close In: 18s
2026-09-04 15:48:46 [INFO   ] [HUNTING ENTRY] EMA(5/13) Min1 | Fast: 2.371 | Slow: 2.375 | Diff: -0.004 (-0.17%) | Trend: BEARISH | Bar Close In: 14s
2026-09-04 15:48:50 [INFO   ] [HUNTING ENTRY] EMA(5/13) Min1 | Fast: 2.371 | Slow: 2.375 | Diff: -0.004 (-0.17%) | Trend: BEARISH | Bar Close In: 10s
2026-09-04 15:48:54 [INFO   ] [HUNTING ENTRY] EMA(5/13) Min1 | Fast: 2.371 | Slow: 2.375 | Diff: -0.004 (-0.17%) | Trend: BEARISH | Bar Close In: 5s
2026-09-04 15:48:58 [INFO   ] [HUNTING ENTRY] EMA(5/13) Min1 | Fast: 2.371 | Slow: 2.375 | Diff: -0.004 (-0.17%) | Trend: BEARISH | Bar Close In: 1s
2026-09-04 15:49:03 [INFO   ] [HUNTING ENTRY] EMA(5/13) Min1 | Fast: 2.371 | Slow: 2.374 | Diff: -0.003 (-0.14%) | Trend: BEARISH | Bar Close In: 57s
2026-09-04 15:49:07 [INFO   ] [HUNTING ENTRY] EMA(5/13) Min1 | Fast: 2.370 | Slow: 2.374 | Diff: -0.004 (-0.17%) | Trend: BEARISH | Bar Close In: 53s
2026-09-04 15:49:11 [INFO   ] [HUNTING ENTRY] EMA(5/13) Min1 | Fast: 2.370 | Slow: 2.374 | Diff: -0.004 (-0.17%) | Trend: BEARISH | Bar Close In: 48s
2026-09-04 15:49:15 [INFO   ] [HUNTING ENTRY] EMA(5/13) Min1 | Fast: 2.370 | Slow: 2.374 | Diff: -0.004 (-0.17%) | Trend: BEARISH | Bar Close In: 44s
2026-09-04 15:49:19 [INFO   ] [HUNTING ENTRY] EMA(5/13) Min1 | Fast: 2.370 | Slow: 2.374 | Diff: -0.004 (-0.17%) | Trend: BEARISH | Bar Close In: 40s
2026-09-04 15:49:24 [INFO   ] [HUNTING ENTRY] EMA(5/13) Min1 | Fast: 2.370 | Slow: 2.374 | Diff: -0.004 (-0.16%) | Trend: BEARISH | Bar Close In: 36s
2026-09-04 15:49:28 [INFO   ] [HUNTING ENTRY] EMA(5/13) Min1 | Fast: 2.370 | Slow: 2.374 | Diff: -0.004 (-0.16%) | Trend: BEARISH | Bar Close In: 31s
2026-09-04 15:49:33 [INFO   ] [HUNTING ENTRY] EMA(5/13) Min1 | Fast: 2.370 | Slow: 2.374 | Diff: -0.004 (-0.17%) | Trend: BEARISH | Bar Close In: 27s
2026-09-04 15:49:37 [INFO   ] [HUNTING ENTRY] EMA(5/13) Min1 | Fast: 2.370 | Slow: 2.374 | Diff: -0.004 (-0.17%) | Trend: BEARISH | Bar Close In: 22s
2026-09-04 15:49:41 [INFO   ] [HUNTING ENTRY] EMA(5/13) Min1 | Fast: 2.369 | Slow: 2.374 | Diff: -0.004 (-0.18%) | Trend: BEARISH | Bar Close In: 18s
2026-09-04 15:49:45 [INFO   ] [HUNTING ENTRY] EMA(5/13) Min1 | Fast: 2.369 | Slow: 2.374 | Diff: -0.004 (-0.18%) | Trend: BEARISH | Bar Close In: 14s
2026-09-04 15:49:49 [INFO   ] [HUNTING ENTRY] EMA(5/13) Min1 | Fast: 2.370 | Slow: 2.374 | Diff: -0.004 (-0.17%) | Trend: BEARISH | Bar Close In: 10s
2026-09-04 15:49:54 [INFO   ] [HUNTING ENTRY] EMA(5/13) Min1 | Fast: 2.370 | Slow: 2.374 | Diff: -0.004 (-0.17%) | Trend: BEARISH | Bar Close In: 6s
2026-09-04 15:49:58 [INFO   ] [HUNTING ENTRY] EMA(5/13) Min1 | Fast: 2.370 | Slow: 2.374 | Diff: -0.004 (-0.17%) | Trend: BEARISH | Bar Close In: 2s
2026-09-04 15:50:03 [INFO   ] [HUNTING ENTRY] EMA(5/13) Min1 | Fast: 2.369 | Slow: 2.373 | Diff: -0.004 (-0.16%) | Trend: BEARISH | Bar Close In: 57s
2026-09-04 15:50:07 [INFO   ] [HUNTING ENTRY] EMA(5/13) Min1 | Fast: 2.369 | Slow: 2.373 | Diff: -0.004 (-0.16%) | Trend: BEARISH | Bar Close In: 53s
2026-09-04 15:50:11 [INFO   ] [HUNTING ENTRY] EMA(5/13) Min1 | Fast: 2.369 | Slow: 2.373 | Diff: -0.004 (-0.16%) | Trend: BEARISH | Bar Close In: 49s
2026-09-04 15:50:15 [INFO   ] [HUNTING ENTRY] EMA(5/13) Min1 | Fast: 2.369 | Slow: 2.373 | Diff: -0.004 (-0.15%) | Trend: BEARISH | Bar Close In: 44s
2026-09-04 15:50:19 [INFO   ] [HUNTING ENTRY] EMA(5/13) Min1 | Fast: 2.370 | Slow: 2.373 | Diff: -0.003 (-0.15%) | Trend: BEARISH | Bar Close In: 40s
2026-09-04 15:50:23 [INFO   ] [HUNTING ENTRY] EMA(5/13) Min1 | Fast: 2.369 | Slow: 2.373 | Diff: -0.004 (-0.15%) | Trend: BEARISH | Bar Close In: 36s
2026-09-04 15:50:28 [INFO   ] [HUNTING ENTRY] EMA(5/13) Min1 | Fast: 2.370 | Slow: 2.373 | Diff: -0.003 (-0.15%) | Trend: BEARISH | Bar Close In: 32s
2026-09-04 15:50:32 [INFO   ] [HUNTING ENTRY] EMA(5/13) Min1 | Fast: 2.370 | Slow: 2.373 | Diff: -0.003 (-0.15%) | Trend: BEARISH | Bar Close In: 28s
2026-09-04 15:50:36 [INFO   ] [HUNTING ENTRY] EMA(5/13) Min1 | Fast: 2.370 | Slow: 2.373 | Diff: -0.003 (-0.15%) | Trend: BEARISH | Bar Close In: 24s
2026-09-04 15:50:40 [INFO   ] [HUNTING ENTRY] EMA(5/13) Min1 | Fast: 2.370 | Slow: 2.373 | Diff: -0.003 (-0.15%) | Trend: BEARISH | Bar Close In: 19s
2026-09-04 15:50:44 [INFO   ] [HUNTING ENTRY] EMA(5/13) Min1 | Fast: 2.370 | Slow: 2.373 | Diff: -0.003 (-0.15%) | Trend: BEARISH | Bar Close In: 15s
2026-09-04 15:50:49 [INFO   ] [HUNTING ENTRY] EMA(5/13) Min1 | Fast: 2.370 | Slow: 2.373 | Diff: -0.003 (-0.15%) | Trend: BEARISH | Bar Close In: 11s
2026-09-04 15:50:53 [INFO   ] [HUNTING ENTRY] EMA(5/13) Min1 | Fast: 2.370 | Slow: 2.373 | Diff: -0.003 (-0.15%) | Trend: BEARISH | Bar Close In: 7s
2026-09-04 15:50:57 [INFO   ] [HUNTING ENTRY] EMA(5/13) Min1 | Fast: 2.370 | Slow: 2.373 | Diff: -0.003 (-0.15%) | Trend: BEARISH | Bar Close In: 2s
2026-09-04 15:51:02 [INFO   ] [HUNTING ENTRY] EMA(5/13) Min1 | Fast: 2.370 | Slow: 2.373 | Diff: -0.003 (-0.12%) | Trend: BEARISH | Bar Close In: 58s
2026-09-04 15:51:06 [INFO   ] [HUNTING ENTRY] EMA(5/13) Min1 | Fast: 2.370 | Slow: 2.373 | Diff: -0.003 (-0.12%) | Trend: BEARISH | Bar Close In: 54s
2026-09-04 15:51:10 [INFO   ] [HUNTING ENTRY] EMA(5/13) Min1 | Fast: 2.371 | Slow: 2.373 | Diff: -0.003 (-0.11%) | Trend: BEARISH | Bar Close In: 49s
2026-09-04 15:51:14 [INFO   ] [HUNTING ENTRY] EMA(5/13) Min1 | Fast: 2.371 | Slow: 2.373 | Diff: -0.002 (-0.10%) | Trend: BEARISH | Bar Close In: 45s
2026-09-04 15:51:18 [INFO   ] [HUNTING ENTRY] EMA(5/13) Min1 | Fast: 2.371 | Slow: 2.373 | Diff: -0.002 (-0.10%) | Trend: BEARISH | Bar Close In: 41s
2026-09-04 15:51:23 [INFO   ] [HUNTING ENTRY] EMA(5/13) Min1 | Fast: 2.371 | Slow: 2.373 | Diff: -0.002 (-0.10%) | Trend: BEARISH | Bar Close In: 37s
2026-09-04 15:51:27 [INFO   ] [HUNTING ENTRY] EMA(5/13) Min1 | Fast: 2.371 | Slow: 2.373 | Diff: -0.003 (-0.11%) | Trend: BEARISH | Bar Close In: 32s
2026-09-04 15:51:31 [INFO   ] [HUNTING ENTRY] EMA(5/13) Min1 | Fast: 2.371 | Slow: 2.373 | Diff: -0.003 (-0.11%) | Trend: BEARISH | Bar Close In: 28s
2026-09-04 15:51:36 [INFO   ] [HUNTING ENTRY] EMA(5/13) Min1 | Fast: 2.371 | Slow: 2.373 | Diff: -0.003 (-0.11%) | Trend: BEARISH | Bar Close In: 24s
2026-09-04 15:51:40 [INFO   ] [HUNTING ENTRY] EMA(5/13) Min1 | Fast: 2.371 | Slow: 2.373 | Diff: -0.002 (-0.10%) | Trend: BEARISH | Bar Close In: 20s
2026-09-04 15:51:44 [INFO   ] [HUNTING ENTRY] EMA(5/13) Min1 | Fast: 2.371 | Slow: 2.373 | Diff: -0.003 (-0.11%) | Trend: BEARISH | Bar Close In: 15s
2026-09-04 15:51:49 [INFO   ] [HUNTING ENTRY] EMA(5/13) Min1 | Fast: 2.371 | Slow: 2.373 | Diff: -0.003 (-0.11%) | Trend: BEARISH | Bar Close In: 11s
2026-09-04 15:51:53 [INFO   ] [HUNTING ENTRY] EMA(5/13) Min1 | Fast: 2.371 | Slow: 2.373 | Diff: -0.003 (-0.11%) | Trend: BEARISH | Bar Close In: 7s
2026-09-04 15:51:57 [INFO   ] [HUNTING ENTRY] EMA(5/13) Min1 | Fast: 2.371 | Slow: 2.373 | Diff: -0.003 (-0.11%) | Trend: BEARISH | Bar Close In: 3s
2026-09-04 15:52:01 [INFO   ] [HUNTING ENTRY] EMA(5/13) Min1 | Fast: 2.371 | Slow: 2.373 | Diff: -0.002 (-0.08%) | Trend: BEARISH | Bar Close In: 59s
2026-09-04 15:52:05 [INFO   ] [HUNTING ENTRY] EMA(5/13) Min1 | Fast: 2.371 | Slow: 2.373 | Diff: -0.002 (-0.09%) | Trend: BEARISH | Bar Close In: 55s
2026-09-04 15:52:09 [INFO   ] [HUNTING ENTRY] EMA(5/13) Min1 | Fast: 2.370 | Slow: 2.373 | Diff: -0.002 (-0.10%) | Trend: BEARISH | Bar Close In: 50s
2026-09-04 15:52:13 [INFO   ] [HUNTING ENTRY] EMA(5/13) Min1 | Fast: 2.371 | Slow: 2.373 | Diff: -0.002 (-0.09%) | Trend: BEARISH | Bar Close In: 46s
2026-09-04 15:52:18 [INFO   ] [HUNTING ENTRY] EMA(5/13) Min1 | Fast: 2.371 | Slow: 2.373 | Diff: -0.002 (-0.07%) | Trend: BEARISH | Bar Close In: 42s
2026-09-04 15:52:22 [INFO   ] [HUNTING ENTRY] EMA(5/13) Min1 | Fast: 2.372 | Slow: 2.373 | Diff: -0.002 (-0.06%) | Trend: BEARISH | Bar Close In: 38s
2026-09-04 15:52:26 [INFO   ] [HUNTING ENTRY] EMA(5/13) Min1 | Fast: 2.371 | Slow: 2.373 | Diff: -0.002 (-0.07%) | Trend: BEARISH | Bar Close In: 33s
2026-09-04 15:52:30 [INFO   ] [HUNTING ENTRY] EMA(5/13) Min1 | Fast: 2.371 | Slow: 2.373 | Diff: -0.002 (-0.07%) | Trend: BEARISH | Bar Close In: 29s
2026-09-04 15:52:35 [INFO   ] [HUNTING ENTRY] EMA(5/13) Min1 | Fast: 2.371 | Slow: 2.373 | Diff: -0.002 (-0.08%) | Trend: BEARISH | Bar Close In: 25s
2026-09-04 15:52:39 [INFO   ] [HUNTING ENTRY] EMA(5/13) Min1 | Fast: 2.371 | Slow: 2.373 | Diff: -0.002 (-0.08%) | Trend: BEARISH | Bar Close In: 20s
2026-09-04 15:52:44 [INFO   ] [HUNTING ENTRY] EMA(5/13) Min1 | Fast: 2.371 | Slow: 2.373 | Diff: -0.002 (-0.08%) | Trend: BEARISH | Bar Close In: 16s
2026-09-04 15:52:48 [INFO   ] [HUNTING ENTRY] EMA(5/13) Min1 | Fast: 2.371 | Slow: 2.373 | Diff: -0.002 (-0.07%) | Trend: BEARISH | Bar Close In: 12s
2026-09-04 15:52:52 [INFO   ] [HUNTING ENTRY] EMA(5/13) Min1 | Fast: 2.371 | Slow: 2.373 | Diff: -0.002 (-0.08%) | Trend: BEARISH | Bar Close In: 8s
2026-09-04 15:52:56 [INFO   ] [HUNTING ENTRY] EMA(5/13) Min1 | Fast: 2.371 | Slow: 2.373 | Diff: -0.002 (-0.07%) | Trend: BEARISH | Bar Close In: 4s
2026-09-04 15:53:00 [INFO   ] [HUNTING ENTRY] EMA(5/13) Min1 | Fast: 2.371 | Slow: 2.373 | Diff: -0.002 (-0.07%) | Trend: BEARISH | Bar Close In: 0s
2026-09-04 15:53:04 [INFO   ] [HUNTING ENTRY] EMA(5/13) Min1 | Fast: 2.372 | Slow: 2.373 | Diff: -0.001 (-0.05%) | Trend: BEARISH | Bar Close In: 55s
2026-09-04 15:53:09 [INFO   ] [HUNTING ENTRY] EMA(5/13) Min1 | Fast: 2.371 | Slow: 2.373 | Diff: -0.002 (-0.07%) | Trend: BEARISH | Bar Close In: 51s
2026-09-04 15:53:13 [INFO   ] [HUNTING ENTRY] EMA(5/13) Min1 | Fast: 2.371 | Slow: 2.373 | Diff: -0.002 (-0.07%) | Trend: BEARISH | Bar Close In: 46s
2026-09-04 15:53:17 [INFO   ] [HUNTING ENTRY] EMA(5/13) Min1 | Fast: 2.371 | Slow: 2.373 | Diff: -0.002 (-0.06%) | Trend: BEARISH | Bar Close In: 42s
2026-09-04 15:53:21 [INFO   ] [HUNTING ENTRY] EMA(5/13) Min1 | Fast: 2.371 | Slow: 2.373 | Diff: -0.002 (-0.07%) | Trend: BEARISH | Bar Close In: 38s
2026-09-04 15:53:26 [INFO   ] [HUNTING ENTRY] EMA(5/13) Min1 | Fast: 2.371 | Slow: 2.373 | Diff: -0.002 (-0.07%) | Trend: BEARISH | Bar Close In: 34s
2026-09-04 15:53:30 [INFO   ] [HUNTING ENTRY] EMA(5/13) Min1 | Fast: 2.371 | Slow: 2.373 | Diff: -0.002 (-0.07%) | Trend: BEARISH | Bar Close In: 30s
2026-09-04 15:53:34 [INFO   ] [HUNTING ENTRY] EMA(5/13) Min1 | Fast: 2.371 | Slow: 2.372 | Diff: -0.002 (-0.08%) | Trend: BEARISH | Bar Close In: 25s
2026-09-04 15:53:38 [INFO   ] [HUNTING ENTRY] EMA(5/13) Min1 | Fast: 2.371 | Slow: 2.372 | Diff: -0.002 (-0.08%) | Trend: BEARISH | Bar Close In: 21s
2026-09-04 15:53:42 [INFO   ] [HUNTING ENTRY] EMA(5/13) Min1 | Fast: 2.371 | Slow: 2.372 | Diff: -0.002 (-0.08%) | Trend: BEARISH | Bar Close In: 17s
2026-09-04 15:53:46 [INFO   ] [HUNTING ENTRY] EMA(5/13) Min1 | Fast: 2.371 | Slow: 2.373 | Diff: -0.002 (-0.07%) | Trend: BEARISH | Bar Close In: 13s
2026-09-04 15:53:50 [INFO   ] [HUNTING ENTRY] EMA(5/13) Min1 | Fast: 2.371 | Slow: 2.373 | Diff: -0.002 (-0.07%) | Trend: BEARISH | Bar Close In: 9s
2026-09-04 15:53:55 [INFO   ] [HUNTING ENTRY] EMA(5/13) Min1 | Fast: 2.371 | Slow: 2.372 | Diff: -0.002 (-0.08%) | Trend: BEARISH | Bar Close In: 4s
2026-09-04 15:53:59 [INFO   ] [HUNTING ENTRY] EMA(5/13) Min1 | Fast: 2.371 | Slow: 2.372 | Diff: -0.002 (-0.08%) | Trend: BEARISH | Bar Close In: 0s
2026-09-04 15:54:03 [INFO   ] [HUNTING ENTRY] EMA(5/13) Min1 | Fast: 2.370 | Slow: 2.372 | Diff: -0.002 (-0.08%) | Trend: BEARISH | Bar Close In: 56s
2026-09-04 15:54:08 [INFO   ] [HUNTING ENTRY] EMA(5/13) Min1 | Fast: 2.370 | Slow: 2.372 | Diff: -0.002 (-0.09%) | Trend: BEARISH | Bar Close In: 52s
2026-09-04 15:54:12 [INFO   ] [HUNTING ENTRY] EMA(5/13) Min1 | Fast: 2.370 | Slow: 2.372 | Diff: -0.002 (-0.09%) | Trend: BEARISH | Bar Close In: 48s
2026-09-04 15:54:16 [INFO   ] [HUNTING ENTRY] EMA(5/13) Min1 | Fast: 2.369 | Slow: 2.372 | Diff: -0.002 (-0.10%) | Trend: BEARISH | Bar Close In: 43s
2026-09-04 15:54:20 [INFO   ] [HUNTING ENTRY] EMA(5/13) Min1 | Fast: 2.370 | Slow: 2.372 | Diff: -0.002 (-0.08%) | Trend: BEARISH | Bar Close In: 39s
2026-09-04 15:54:25 [INFO   ] [HUNTING ENTRY] EMA(5/13) Min1 | Fast: 2.369 | Slow: 2.372 | Diff: -0.002 (-0.11%) | Trend: BEARISH | Bar Close In: 35s
2026-09-04 15:54:29 [INFO   ] [HUNTING ENTRY] EMA(5/13) Min1 | Fast: 2.369 | Slow: 2.372 | Diff: -0.002 (-0.10%) | Trend: BEARISH | Bar Close In: 31s
2026-09-04 15:54:33 [INFO   ] [HUNTING ENTRY] EMA(5/13) Min1 | Fast: 2.369 | Slow: 2.372 | Diff: -0.002 (-0.11%) | Trend: BEARISH | Bar Close In: 27s
2026-09-04 15:54:37 [INFO   ] [HUNTING ENTRY] EMA(5/13) Min1 | Fast: 2.369 | Slow: 2.372 | Diff: -0.002 (-0.10%) | Trend: BEARISH | Bar Close In: 22s
2026-09-04 15:54:41 [INFO   ] [HUNTING ENTRY] EMA(5/13) Min1 | Fast: 2.369 | Slow: 2.372 | Diff: -0.002 (-0.11%) | Trend: BEARISH | Bar Close In: 18s
2026-09-04 15:54:46 [INFO   ] [HUNTING ENTRY] EMA(5/13) Min1 | Fast: 2.370 | Slow: 2.372 | Diff: -0.002 (-0.09%) | Trend: BEARISH | Bar Close In: 14s
2026-09-04 15:54:50 [INFO   ] [HUNTING ENTRY] EMA(5/13) Min1 | Fast: 2.370 | Slow: 2.372 | Diff: -0.002 (-0.08%) | Trend: BEARISH | Bar Close In: 10s
2026-09-04 15:54:54 [INFO   ] [HUNTING ENTRY] EMA(5/13) Min1 | Fast: 2.370 | Slow: 2.372 | Diff: -0.002 (-0.07%) | Trend: BEARISH | Bar Close In: 5s
2026-09-04 15:54:58 [INFO   ] [HUNTING ENTRY] EMA(5/13) Min1 | Fast: 2.371 | Slow: 2.372 | Diff: -0.002 (-0.07%) | Trend: BEARISH | Bar Close In: 1s
2026-09-04 15:55:03 [INFO   ] [HUNTING ENTRY] EMA(5/13) Min1 | Fast: 2.370 | Slow: 2.372 | Diff: -0.001 (-0.06%) | Trend: BEARISH | Bar Close In: 57s
2026-09-04 15:55:07 [INFO   ] [HUNTING ENTRY] EMA(5/13) Min1 | Fast: 2.370 | Slow: 2.372 | Diff: -0.001 (-0.06%) | Trend: BEARISH | Bar Close In: 53s
2026-09-04 15:55:11 [INFO   ] [HUNTING ENTRY] EMA(5/13) Min1 | Fast: 2.371 | Slow: 2.372 | Diff: -0.001 (-0.05%) | Trend: BEARISH | Bar Close In: 48s
2026-09-04 15:55:15 [INFO   ] [HUNTING ENTRY] EMA(5/13) Min1 | Fast: 2.371 | Slow: 2.372 | Diff: -0.001 (-0.05%) | Trend: BEARISH | Bar Close In: 44s
2026-09-04 15:55:20 [INFO   ] [HUNTING ENTRY] EMA(5/13) Min1 | Fast: 2.371 | Slow: 2.372 | Diff: -0.001 (-0.05%) | Trend: BEARISH | Bar Close In: 40s
2026-09-04 15:55:24 [INFO   ] [HUNTING ENTRY] EMA(5/13) Min1 | Fast: 2.371 | Slow: 2.372 | Diff: -0.001 (-0.05%) | Trend: BEARISH | Bar Close In: 36s
2026-09-04 15:55:28 [INFO   ] [HUNTING ENTRY] EMA(5/13) Min1 | Fast: 2.371 | Slow: 2.372 | Diff: -0.001 (-0.05%) | Trend: BEARISH | Bar Close In: 31s
2026-09-04 15:55:32 [INFO   ] [HUNTING ENTRY] EMA(5/13) Min1 | Fast: 2.371 | Slow: 2.372 | Diff: -0.001 (-0.05%) | Trend: BEARISH | Bar Close In: 27s
2026-09-04 15:55:37 [INFO   ] [HUNTING ENTRY] EMA(5/13) Min1 | Fast: 2.371 | Slow: 2.372 | Diff: -0.001 (-0.05%) | Trend: BEARISH | Bar Close In: 23s
2026-09-04 15:55:41 [INFO   ] [HUNTING ENTRY] EMA(5/13) Min1 | Fast: 2.371 | Slow: 2.372 | Diff: -0.001 (-0.05%) | Trend: BEARISH | Bar Close In: 18s
2026-09-04 15:55:45 [INFO   ] [HUNTING ENTRY] EMA(5/13) Min1 | Fast: 2.371 | Slow: 2.372 | Diff: -0.001 (-0.05%) | Trend: BEARISH | Bar Close In: 14s
2026-09-04 15:55:50 [INFO   ] [HUNTING ENTRY] EMA(5/13) Min1 | Fast: 2.371 | Slow: 2.372 | Diff: -0.001 (-0.05%) | Trend: BEARISH | Bar Close In: 10s
2026-09-04 15:55:54 [INFO   ] [HUNTING ENTRY] EMA(5/13) Min1 | Fast: 2.371 | Slow: 2.372 | Diff: -0.001 (-0.04%) | Trend: BEARISH | Bar Close In: 6s
2026-09-04 15:55:58 [INFO   ] [HUNTING ENTRY] EMA(5/13) Min1 | Fast: 2.371 | Slow: 2.372 | Diff: -0.001 (-0.04%) | Trend: BEARISH | Bar Close In: 2s
2026-09-04 15:56:02 [INFO   ] [HUNTING ENTRY] EMA(5/13) Min1 | Fast: 2.372 | Slow: 2.372 | Diff: -0.000 (-0.02%) | Trend: BEARISH | Bar Close In: 57s
2026-09-04 15:56:07 [INFO   ] [HUNTING ENTRY] EMA(5/13) Min1 | Fast: 2.371 | Slow: 2.372 | Diff: -0.001 (-0.04%) | Trend: BEARISH | Bar Close In: 53s
2026-09-04 15:56:11 [INFO   ] [HUNTING ENTRY] EMA(5/13) Min1 | Fast: 2.371 | Slow: 2.372 | Diff: -0.001 (-0.04%) | Trend: BEARISH | Bar Close In: 49s
2026-09-04 15:56:15 [INFO   ] [HUNTING ENTRY] EMA(5/13) Min1 | Fast: 2.371 | Slow: 2.372 | Diff: -0.001 (-0.04%) | Trend: BEARISH | Bar Close In: 44s
2026-09-04 15:56:19 [INFO   ] [HUNTING ENTRY] EMA(5/13) Min1 | Fast: 2.371 | Slow: 2.372 | Diff: -0.001 (-0.04%) | Trend: BEARISH | Bar Close In: 40s
2026-09-04 15:56:23 [INFO   ] [HUNTING ENTRY] EMA(5/13) Min1 | Fast: 2.371 | Slow: 2.372 | Diff: -0.001 (-0.04%) | Trend: BEARISH | Bar Close In: 36s
2026-09-04 15:56:28 [INFO   ] [HUNTING ENTRY] EMA(5/13) Min1 | Fast: 2.371 | Slow: 2.372 | Diff: -0.001 (-0.04%) | Trend: BEARISH | Bar Close In: 31s
2026-09-04 15:56:32 [INFO   ] [HUNTING ENTRY] EMA(5/13) Min1 | Fast: 2.371 | Slow: 2.372 | Diff: -0.001 (-0.04%) | Trend: BEARISH | Bar Close In: 27s
2026-09-04 15:56:36 [INFO   ] [HUNTING ENTRY] EMA(5/13) Min1 | Fast: 2.371 | Slow: 2.372 | Diff: -0.001 (-0.04%) | Trend: BEARISH | Bar Close In: 23s
2026-09-04 15:56:41 [INFO   ] [HUNTING ENTRY] EMA(5/13) Min1 | Fast: 2.371 | Slow: 2.372 | Diff: -0.001 (-0.04%) | Trend: BEARISH | Bar Close In: 19s
2026-09-04 15:56:45 [INFO   ] [HUNTING ENTRY] EMA(5/13) Min1 | Fast: 2.371 | Slow: 2.372 | Diff: -0.001 (-0.05%) | Trend: BEARISH | Bar Close In: 15s
2026-09-04 15:56:49 [INFO   ] [HUNTING ENTRY] EMA(5/13) Min1 | Fast: 2.371 | Slow: 2.372 | Diff: -0.001 (-0.05%) | Trend: BEARISH | Bar Close In: 11s
2026-09-04 15:56:53 [INFO   ] [HUNTING ENTRY] EMA(5/13) Min1 | Fast: 2.371 | Slow: 2.372 | Diff: -0.001 (-0.04%) | Trend: BEARISH | Bar Close In: 6s
2026-09-04 15:56:57 [INFO   ] [HUNTING ENTRY] EMA(5/13) Min1 | Fast: 2.371 | Slow: 2.372 | Diff: -0.001 (-0.05%) | Trend: BEARISH | Bar Close In: 2s
2026-09-04 15:57:02 [INFO   ] [HUNTING ENTRY] EMA(5/13) Min1 | Fast: 2.369 | Slow: 2.371 | Diff: -0.002 (-0.08%) | Trend: BEARISH | Bar Close In: 58s
2026-09-04 15:57:06 [INFO   ] [HUNTING ENTRY] EMA(5/13) Min1 | Fast: 2.368 | Slow: 2.371 | Diff: -0.002 (-0.10%) | Trend: BEARISH | Bar Close In: 54s
2026-09-04 15:57:10 [INFO   ] [HUNTING ENTRY] EMA(5/13) Min1 | Fast: 2.368 | Slow: 2.371 | Diff: -0.002 (-0.10%) | Trend: BEARISH | Bar Close In: 49s
2026-09-04 15:57:14 [INFO   ] [HUNTING ENTRY] EMA(5/13) Min1 | Fast: 2.368 | Slow: 2.371 | Diff: -0.002 (-0.10%) | Trend: BEARISH | Bar Close In: 45s
2026-09-04 15:57:19 [INFO   ] [HUNTING ENTRY] EMA(5/13) Min1 | Fast: 2.369 | Slow: 2.371 | Diff: -0.002 (-0.09%) | Trend: BEARISH | Bar Close In: 41s
2026-09-04 15:57:23 [INFO   ] [HUNTING ENTRY] EMA(5/13) Min1 | Fast: 2.368 | Slow: 2.371 | Diff: -0.002 (-0.10%) | Trend: BEARISH | Bar Close In: 37s
2026-09-04 15:57:27 [INFO   ] [HUNTING ENTRY] EMA(5/13) Min1 | Fast: 2.368 | Slow: 2.370 | Diff: -0.003 (-0.11%) | Trend: BEARISH | Bar Close In: 33s
2026-09-04 15:57:31 [INFO   ] [HUNTING ENTRY] EMA(5/13) Min1 | Fast: 2.368 | Slow: 2.370 | Diff: -0.003 (-0.11%) | Trend: BEARISH | Bar Close In: 28s
2026-09-04 15:57:35 [INFO   ] [HUNTING ENTRY] EMA(5/13) Min1 | Fast: 2.368 | Slow: 2.370 | Diff: -0.003 (-0.11%) | Trend: BEARISH | Bar Close In: 24s
2026-09-04 15:57:39 [INFO   ] [HUNTING ENTRY] EMA(5/13) Min1 | Fast: 2.368 | Slow: 2.371 | Diff: -0.003 (-0.11%) | Trend: BEARISH | Bar Close In: 20s
2026-09-04 15:57:44 [INFO   ] [HUNTING ENTRY] EMA(5/13) Min1 | Fast: 2.368 | Slow: 2.371 | Diff: -0.003 (-0.11%) | Trend: BEARISH | Bar Close In: 16s
2026-09-04 15:57:48 [INFO   ] [HUNTING ENTRY] EMA(5/13) Min1 | Fast: 2.368 | Slow: 2.371 | Diff: -0.003 (-0.11%) | Trend: BEARISH | Bar Close In: 12s
2026-09-04 15:57:52 [INFO   ] [HUNTING ENTRY] EMA(5/13) Min1 | Fast: 2.368 | Slow: 2.370 | Diff: -0.003 (-0.11%) | Trend: BEARISH | Bar Close In: 8s
2026-09-04 15:57:56 [INFO   ] [HUNTING ENTRY] EMA(5/13) Min1 | Fast: 2.368 | Slow: 2.370 | Diff: -0.003 (-0.11%) | Trend: BEARISH | Bar Close In: 3s
2026-09-04 15:58:00 [INFO   ] [HUNTING ENTRY] EMA(5/13) Min1 | Fast: 2.367 | Slow: 2.370 | Diff: -0.003 (-0.11%) | Trend: BEARISH | Bar Close In: 59s
2026-09-04 15:58:04 [INFO   ] [HUNTING ENTRY] EMA(5/13) Min1 | Fast: 2.367 | Slow: 2.370 | Diff: -0.003 (-0.12%) | Trend: BEARISH | Bar Close In: 55s
2026-09-04 15:58:08 [INFO   ] [HUNTING ENTRY] EMA(5/13) Min1 | Fast: 2.367 | Slow: 2.370 | Diff: -0.003 (-0.12%) | Trend: BEARISH | Bar Close In: 51s
2026-09-04 15:58:13 [INFO   ] [HUNTING ENTRY] EMA(5/13) Min1 | Fast: 2.367 | Slow: 2.370 | Diff: -0.003 (-0.11%) | Trend: BEARISH | Bar Close In: 47s
2026-09-04 15:58:17 [INFO   ] [HUNTING ENTRY] EMA(5/13) Min1 | Fast: 2.368 | Slow: 2.370 | Diff: -0.002 (-0.10%) | Trend: BEARISH | Bar Close In: 43s
2026-09-04 15:58:21 [INFO   ] [HUNTING ENTRY] EMA(5/13) Min1 | Fast: 2.368 | Slow: 2.370 | Diff: -0.002 (-0.10%) | Trend: BEARISH | Bar Close In: 38s
2026-09-04 15:58:25 [INFO   ] [HUNTING ENTRY] EMA(5/13) Min1 | Fast: 2.368 | Slow: 2.370 | Diff: -0.002 (-0.09%) | Trend: BEARISH | Bar Close In: 34s
2026-09-04 15:58:30 [INFO   ] [HUNTING ENTRY] EMA(5/13) Min1 | Fast: 2.368 | Slow: 2.370 | Diff: -0.002 (-0.09%) | Trend: BEARISH | Bar Close In: 30s
2026-09-04 15:58:34 [INFO   ] [HUNTING ENTRY] EMA(5/13) Min1 | Fast: 2.368 | Slow: 2.370 | Diff: -0.002 (-0.09%) | Trend: BEARISH | Bar Close In: 26s
2026-09-04 15:58:38 [INFO   ] [HUNTING ENTRY] EMA(5/13) Min1 | Fast: 2.368 | Slow: 2.370 | Diff: -0.002 (-0.09%) | Trend: BEARISH | Bar Close In: 22s
2026-09-04 15:58:42 [INFO   ] [HUNTING ENTRY] EMA(5/13) Min1 | Fast: 2.368 | Slow: 2.370 | Diff: -0.002 (-0.10%) | Trend: BEARISH | Bar Close In: 17s
2026-09-04 15:58:46 [INFO   ] [HUNTING ENTRY] EMA(5/13) Min1 | Fast: 2.369 | Slow: 2.370 | Diff: -0.002 (-0.08%) | Trend: BEARISH | Bar Close In: 13s
2026-09-04 15:58:51 [INFO   ] [HUNTING ENTRY] EMA(5/13) Min1 | Fast: 2.369 | Slow: 2.370 | Diff: -0.002 (-0.08%) | Trend: BEARISH | Bar Close In: 9s
2026-09-04 15:58:55 [INFO   ] [HUNTING ENTRY] EMA(5/13) Min1 | Fast: 2.369 | Slow: 2.370 | Diff: -0.002 (-0.08%) | Trend: BEARISH | Bar Close In: 5s
2026-09-04 15:58:59 [INFO   ] [HUNTING ENTRY] EMA(5/13) Min1 | Fast: 2.369 | Slow: 2.370 | Diff: -0.002 (-0.08%) | Trend: BEARISH | Bar Close In: 0s
2026-09-04 15:59:04 [INFO   ] [HUNTING ENTRY] EMA(5/13) Min1 | Fast: 2.368 | Slow: 2.370 | Diff: -0.002 (-0.07%) | Trend: BEARISH | Bar Close In: 56s
2026-09-04 15:59:08 [INFO   ] [HUNTING ENTRY] EMA(5/13) Min1 | Fast: 2.369 | Slow: 2.370 | Diff: -0.002 (-0.06%) | Trend: BEARISH | Bar Close In: 52s
2026-09-04 15:59:12 [INFO   ] [HUNTING ENTRY] EMA(5/13) Min1 | Fast: 2.368 | Slow: 2.370 | Diff: -0.002 (-0.07%) | Trend: BEARISH | Bar Close In: 48s
2026-09-04 15:59:16 [INFO   ] [HUNTING ENTRY] EMA(5/13) Min1 | Fast: 2.369 | Slow: 2.370 | Diff: -0.002 (-0.06%) | Trend: BEARISH | Bar Close In: 44s
2026-09-04 15:59:20 [INFO   ] [HUNTING ENTRY] EMA(5/13) Min1 | Fast: 2.369 | Slow: 2.370 | Diff: -0.002 (-0.06%) | Trend: BEARISH | Bar Close In: 39s
2026-09-04 15:59:25 [INFO   ] [HUNTING ENTRY] EMA(5/13) Min1 | Fast: 2.369 | Slow: 2.370 | Diff: -0.001 (-0.06%) | Trend: BEARISH | Bar Close In: 35s
2026-09-04 15:59:29 [INFO   ] [HUNTING ENTRY] EMA(5/13) Min1 | Fast: 2.369 | Slow: 2.370 | Diff: -0.002 (-0.06%) | Trend: BEARISH | Bar Close In: 31s
2026-09-04 15:59:33 [INFO   ] [HUNTING ENTRY] EMA(5/13) Min1 | Fast: 2.369 | Slow: 2.370 | Diff: -0.001 (-0.06%) | Trend: BEARISH | Bar Close In: 26s
2026-09-04 15:59:37 [INFO   ] [HUNTING ENTRY] EMA(5/13) Min1 | Fast: 2.369 | Slow: 2.370 | Diff: -0.001 (-0.06%) | Trend: BEARISH | Bar Close In: 22s
2026-09-04 15:59:41 [INFO   ] [HUNTING ENTRY] EMA(5/13) Min1 | Fast: 2.369 | Slow: 2.370 | Diff: -0.001 (-0.06%) | Trend: BEARISH | Bar Close In: 18s
2026-09-04 15:59:45 [INFO   ] [HUNTING ENTRY] EMA(5/13) Min1 | Fast: 2.369 | Slow: 2.370 | Diff: -0.001 (-0.06%) | Trend: BEARISH | Bar Close In: 14s
2026-09-04 15:59:50 [INFO   ] [HUNTING ENTRY] EMA(5/13) Min1 | Fast: 2.369 | Slow: 2.370 | Diff: -0.001 (-0.05%) | Trend: BEARISH | Bar Close In: 10s
2026-09-04 15:59:54 [INFO   ] [HUNTING ENTRY] EMA(5/13) Min1 | Fast: 2.369 | Slow: 2.370 | Diff: -0.001 (-0.06%) | Trend: BEARISH | Bar Close In: 6s
2026-09-04 15:59:58 [INFO   ] [HUNTING ENTRY] EMA(5/13) Min1 | Fast: 2.369 | Slow: 2.370 | Diff: -0.001 (-0.05%) | Trend: BEARISH | Bar Close In: 1s
2026-09-04 16:00:02 [INFO   ] [HUNTING ENTRY] EMA(5/13) Min1 | Fast: 2.370 | Slow: 2.371 | Diff: -0.001 (-0.03%) | Trend: BEARISH | Bar Close In: 57s
2026-09-04 16:00:07 [INFO   ] [HUNTING ENTRY] EMA(5/13) Min1 | Fast: 2.370 | Slow: 2.370 | Diff: -0.001 (-0.04%) | Trend: BEARISH | Bar Close In: 52s
2026-09-04 16:00:11 [INFO   ] [HUNTING ENTRY] EMA(5/13) Min1 | Fast: 2.370 | Slow: 2.371 | Diff: -0.001 (-0.03%) | Trend: BEARISH | Bar Close In: 48s
2026-09-04 16:00:15 [INFO   ] [HUNTING ENTRY] EMA(5/13) Min1 | Fast: 2.369 | Slow: 2.370 | Diff: -0.001 (-0.04%) | Trend: BEARISH | Bar Close In: 44s
2026-09-04 16:00:20 [INFO   ] [HUNTING ENTRY] EMA(5/13) Min1 | Fast: 2.370 | Slow: 2.370 | Diff: -0.001 (-0.04%) | Trend: BEARISH | Bar Close In: 40s
2026-09-04 16:00:24 [INFO   ] [HUNTING ENTRY] EMA(5/13) Min1 | Fast: 2.369 | Slow: 2.370 | Diff: -0.001 (-0.04%) | Trend: BEARISH | Bar Close In: 35s
2026-09-04 16:00:29 [INFO   ] [HUNTING ENTRY] EMA(5/13) Min1 | Fast: 2.369 | Slow: 2.370 | Diff: -0.001 (-0.04%) | Trend: BEARISH | Bar Close In: 31s
2026-09-04 16:00:33 [INFO   ] [HUNTING ENTRY] EMA(5/13) Min1 | Fast: 2.370 | Slow: 2.370 | Diff: -0.001 (-0.04%) | Trend: BEARISH | Bar Close In: 27s
2026-09-04 16:00:37 [INFO   ] [HUNTING ENTRY] EMA(5/13) Min1 | Fast: 2.370 | Slow: 2.370 | Diff: -0.001 (-0.04%) | Trend: BEARISH | Bar Close In: 22s
2026-09-04 16:00:41 [INFO   ] [HUNTING ENTRY] EMA(5/13) Min1 | Fast: 2.369 | Slow: 2.370 | Diff: -0.001 (-0.04%) | Trend: BEARISH | Bar Close In: 18s
2026-09-04 16:00:46 [INFO   ] [HUNTING ENTRY] EMA(5/13) Min1 | Fast: 2.369 | Slow: 2.370 | Diff: -0.001 (-0.04%) | Trend: BEARISH | Bar Close In: 14s
2026-09-04 16:00:50 [INFO   ] [HUNTING ENTRY] EMA(5/13) Min1 | Fast: 2.369 | Slow: 2.370 | Diff: -0.001 (-0.04%) | Trend: BEARISH | Bar Close In: 9s
2026-09-04 16:00:54 [INFO   ] [HUNTING ENTRY] EMA(5/13) Min1 | Fast: 2.369 | Slow: 2.370 | Diff: -0.001 (-0.04%) | Trend: BEARISH | Bar Close In: 5s
2026-09-04 16:00:58 [INFO   ] [HUNTING ENTRY] EMA(5/13) Min1 | Fast: 2.369 | Slow: 2.370 | Diff: -0.001 (-0.04%) | Trend: BEARISH | Bar Close In: 1s
2026-09-04 16:01:03 [INFO   ] [HUNTING ENTRY] EMA(5/13) Min1 | Fast: 2.369 | Slow: 2.370 | Diff: -0.001 (-0.04%) | Trend: BEARISH | Bar Close In: 57s
2026-09-04 16:01:07 [INFO   ] [HUNTING ENTRY] EMA(5/13) Min1 | Fast: 2.369 | Slow: 2.370 | Diff: -0.001 (-0.04%) | Trend: BEARISH | Bar Close In: 52s
2026-09-04 16:01:11 [INFO   ] [HUNTING ENTRY] EMA(5/13) Min1 | Fast: 2.369 | Slow: 2.370 | Diff: -0.001 (-0.05%) | Trend: BEARISH | Bar Close In: 48s
2026-09-04 16:01:15 [INFO   ] [HUNTING ENTRY] EMA(5/13) Min1 | Fast: 2.369 | Slow: 2.370 | Diff: -0.001 (-0.05%) | Trend: BEARISH | Bar Close In: 44s
2026-09-04 16:01:19 [INFO   ] [HUNTING ENTRY] EMA(5/13) Min1 | Fast: 2.368 | Slow: 2.370 | Diff: -0.001 (-0.06%) | Trend: BEARISH | Bar Close In: 40s
2026-09-04 16:01:24 [INFO   ] [HUNTING ENTRY] EMA(5/13) Min1 | Fast: 2.369 | Slow: 2.370 | Diff: -0.001 (-0.05%) | Trend: BEARISH | Bar Close In: 36s
2026-09-04 16:01:28 [INFO   ] [HUNTING ENTRY] EMA(5/13) Min1 | Fast: 2.369 | Slow: 2.370 | Diff: -0.001 (-0.05%) | Trend: BEARISH | Bar Close In: 32s
2026-09-04 16:01:32 [INFO   ] [HUNTING ENTRY] EMA(5/13) Min1 | Fast: 2.369 | Slow: 2.370 | Diff: -0.001 (-0.05%) | Trend: BEARISH | Bar Close In: 27s
2026-09-04 16:01:36 [INFO   ] [HUNTING ENTRY] EMA(5/13) Min1 | Fast: 2.369 | Slow: 2.370 | Diff: -0.001 (-0.04%) | Trend: BEARISH | Bar Close In: 23s
2026-09-04 16:01:40 [INFO   ] [HUNTING ENTRY] EMA(5/13) Min1 | Fast: 2.369 | Slow: 2.370 | Diff: -0.001 (-0.05%) | Trend: BEARISH | Bar Close In: 19s
2026-09-04 16:01:44 [INFO   ] [HUNTING ENTRY] EMA(5/13) Min1 | Fast: 2.369 | Slow: 2.370 | Diff: -0.001 (-0.04%) | Trend: BEARISH | Bar Close In: 15s
2026-09-04 16:01:49 [INFO   ] [HUNTING ENTRY] EMA(5/13) Min1 | Fast: 2.369 | Slow: 2.370 | Diff: -0.001 (-0.04%) | Trend: BEARISH | Bar Close In: 11s
2026-09-04 16:01:53 [INFO   ] [HUNTING ENTRY] EMA(5/13) Min1 | Fast: 2.370 | Slow: 2.370 | Diff: -0.001 (-0.02%) | Trend: BEARISH | Bar Close In: 7s
2026-09-04 16:01:57 [INFO   ] [HUNTING ENTRY] EMA(5/13) Min1 | Fast: 2.369 | Slow: 2.370 | Diff: -0.001 (-0.03%) | Trend: BEARISH | Bar Close In: 2s
2026-09-04 16:02:01 [INFO   ] [HUNTING ENTRY] EMA(5/13) Min1 | Fast: 2.369 | Slow: 2.370 | Diff: -0.001 (-0.03%) | Trend: BEARISH | Bar Close In: 58s
2026-09-04 16:02:05 [INFO   ] [HUNTING ENTRY] EMA(5/13) Min1 | Fast: 2.369 | Slow: 2.370 | Diff: -0.001 (-0.03%) | Trend: BEARISH | Bar Close In: 54s
2026-09-04 16:02:10 [INFO   ] [HUNTING ENTRY] EMA(5/13) Min1 | Fast: 2.370 | Slow: 2.370 | Diff: -0.000 (-0.01%) | Trend: BEARISH | Bar Close In: 50s
2026-09-04 16:02:14 [INFO   ] [HUNTING ENTRY] EMA(5/13) Min1 | Fast: 2.370 | Slow: 2.370 | Diff: -0.000 (-0.01%) | Trend: BEARISH | Bar Close In: 46s
2026-09-04 16:02:18 [INFO   ] [HUNTING ENTRY] EMA(5/13) Min1 | Fast: 2.370 | Slow: 2.370 | Diff: -0.000 (-0.01%) | Trend: BEARISH | Bar Close In: 42s
2026-09-04 16:02:22 [INFO   ] [HUNTING ENTRY] EMA(5/13) Min1 | Fast: 2.370 | Slow: 2.370 | Diff: -0.000 (-0.01%) | Trend: BEARISH | Bar Close In: 38s
2026-09-04 16:02:26 [INFO   ] [HUNTING ENTRY] EMA(5/13) Min1 | Fast: 2.370 | Slow: 2.370 | Diff: -0.000 (-0.01%) | Trend: BEARISH | Bar Close In: 33s
2026-09-04 16:02:31 [INFO   ] [HUNTING ENTRY] EMA(5/13) Min1 | Fast: 2.371 | Slow: 2.371 | Diff: +0.000 (+0.00%) | Trend: BULLISH | Bar Close In: 29s
2026-09-04 16:02:35 [INFO   ] [HUNTING ENTRY] EMA(5/13) Min1 | Fast: 2.371 | Slow: 2.371 | Diff: +0.000 (+0.00%) | Trend: BULLISH | Bar Close In: 25s
2026-09-04 16:02:39 [INFO   ] [HUNTING ENTRY] EMA(5/13) Min1 | Fast: 2.370 | Slow: 2.370 | Diff: -0.000 (-0.01%) | Trend: BEARISH | Bar Close In: 20s
2026-09-04 16:02:43 [INFO   ] [HUNTING ENTRY] EMA(5/13) Min1 | Fast: 2.371 | Slow: 2.371 | Diff: +0.000 (+0.00%) | Trend: BULLISH | Bar Close In: 16s
2026-09-04 16:02:48 [INFO   ] [HUNTING ENTRY] EMA(5/13) Min1 | Fast: 2.371 | Slow: 2.371 | Diff: +0.000 (+0.00%) | Trend: BULLISH | Bar Close In: 12s
2026-09-04 16:02:52 [INFO   ] [HUNTING ENTRY] EMA(5/13) Min1 | Fast: 2.371 | Slow: 2.371 | Diff: +0.000 (+0.00%) | Trend: BULLISH | Bar Close In: 8s
2026-09-04 16:02:56 [INFO   ] [HUNTING ENTRY] EMA(5/13) Min1 | Fast: 2.371 | Slow: 2.371 | Diff: +0.000 (+0.00%) | Trend: BULLISH | Bar Close In: 3s
2026-09-04 16:03:00 [INFO   ] [HUNTING ENTRY] EMA(5/13) Min1 | Fast: 2.371 | Slow: 2.371 | Diff: +0.000 (+0.00%) | Trend: BULLISH | Bar Close In: 0s
2026-09-04 16:03:01 [INFO   ] ============================================================================
2026-09-04 16:03:01 [INFO   ]    EXECUTING TRADE #1 [LONG] - TRUMP_USDT
2026-09-04 16:03:01 [INFO   ] ============================================================================
2026-09-04 16:03:02 [INFO   ] Pre-Trade Spec: Vol: 2 contract(s) (0.2 TRUMP) | Trade Qty (Notional): +0.4744 USDT (+INR 44.82) | Committed Margin (Qty/75x): +0.0063 USDT (+INR 0.60)
2026-09-04 16:03:02 [INFO   ] Reference Price: 2.372 USDT | Attached Min-Profit TP: 2.373 USDT (+1 pu) | Attached SL: 2.366 USDT (-10 ticks)
2026-09-04 16:03:02 [INFO   ] [DRY-RUN] Simulated Order Filled: Entry = 2.373 USDT | Min-Profit TP = 2.374 USDT (+1 pu) | SL = 2.367 USDT (-10 ticks)
2026-09-04 16:03:02 [INFO   ] [DRY-RUN] Actively monitoring live market prices for TP (2.374) or SL (2.367)...
2026-09-04 16:03:09 [INFO   ] [DRY-RUN MONITOR] Price: 2.372 USDT | TP: 2.374 | SL: 2.367 | Unrealized PnL: -0.000200 USDT
2026-09-04 16:03:15 [INFO   ] [DRY-RUN MONITOR] Price: 2.372 USDT | TP: 2.374 | SL: 2.367 | Unrealized PnL: -0.000200 USDT
2026-09-04 16:03:21 [INFO   ] [DRY-RUN MONITOR] Price: 2.372 USDT | TP: 2.374 | SL: 2.367 | Unrealized PnL: -0.000200 USDT
2026-09-04 16:03:21 [INFO   ] [DRY-RUN TARGET HIT] Market reached TP! Exit: 2.374 USDT (Market Bid: 2.373, Last: 2.374)
2026-09-04 16:03:22 [INFO   ] [SIMULATED WALLET] Balance: 0.0752 USDT (INR 7.10)
2026-09-04 16:03:23 [INFO   ] 
==============================================================================
TRADE #1 OUTCOME JOURNAL | Closed at: 2026-09-04 16:03:21 | [🟢 SIMULATED / DRY-RUN]
==============================================================================
Execution Mode     : [🟢 SIMULATED / DRY-RUN]
Symbol & Direction : TRUMP_USDT [LONG] (75x isolated)
Strategy Name      : EMACrossover(5/13-LONG)
Volume Executed    : 2 contract(s) (0.2 TRUMP)
Trade Quantity     : 0.4746 USDT (INR 44.84) [Notional exposure]
Margin Committed   : 0.0063 USDT (INR 0.60) [Trade Qty / 75x leverage]
Entry Price        : 2.373 USDT (Opened: 2026-09-04 16:03:02)
Exit Price         : 2.374 USDT (Duration: 19.44s)
Tick Size (pu)     : 0.001 USDT
Min-Profit TP Target: 2.374 USDT (Offset: +1 pu / +0.001 USDT)
Stop Loss Level    : 2.367 USDT (Offset: -6 pu / -0.006 USDT | -0.253% price | -19.0% ROE)
Exit Reason        : MIN_PROFIT_TP_HIT
------------------------------------------------------------------------------
REALIZED PnL       : +0.000200 USDT (+INR 0.0189)
Return on Equity   : +3.16% (Price move: +0.042%)
Trading Fees       : 0.000000 USDT (INR 0.0000) [Zero-Fee Pair]
ACCOUNT BALANCE    : 0.0752 USDT (INR 7.10)
------------------------------------------------------------------------------
CUMULATIVE STATS   : Total Trades: 1 | Wins: 1 | Losses: 0 | Scratch: 0
Win Rate           : 100.0%
Net Cumulative PnL : +0.000200 USDT (+INR 0.0189)
Live USD/INR Rate  : INR 94.47 per USD
==============================================================================

2026-09-04 16:03:23 [INFO   ] Initiating 10s cooldown before next trade cycle...
2026-09-04 16:03:33 [INFO   ] [HUNTING ENTRY] EMA(5/13) Min1 | Fast: 2.371 | Slow: 2.371 | Diff: +0.000 (+0.00%) | Trend: BULLISH | Bar Close In: 26s
2026-09-04 16:03:38 [INFO   ] [HUNTING ENTRY] EMA(5/13) Min1 | Fast: 2.371 | Slow: 2.371 | Diff: +0.000 (+0.00%) | Trend: BULLISH | Bar Close In: 22s
2026-09-04 16:03:42 [INFO   ] [HUNTING ENTRY] EMA(5/13) Min1 | Fast: 2.371 | Slow: 2.371 | Diff: +0.000 (+0.01%) | Trend: BULLISH | Bar Close In: 18s
2026-09-04 16:03:46 [INFO   ] [HUNTING ENTRY] EMA(5/13) Min1 | Fast: 2.371 | Slow: 2.371 | Diff: +0.000 (+0.00%) | Trend: BULLISH | Bar Close In: 14s
2026-09-04 16:03:50 [INFO   ] [HUNTING ENTRY] EMA(5/13) Min1 | Fast: 2.371 | Slow: 2.371 | Diff: +0.000 (+0.00%) | Trend: BULLISH | Bar Close In: 10s
2026-09-04 16:03:54 [INFO   ] [HUNTING ENTRY] EMA(5/13) Min1 | Fast: 2.371 | Slow: 2.371 | Diff: +0.000 (+0.00%) | Trend: BULLISH | Bar Close In: 6s
2026-09-04 16:03:58 [INFO   ] [HUNTING ENTRY] EMA(5/13) Min1 | Fast: 2.371 | Slow: 2.371 | Diff: +0.000 (+0.00%) | Trend: BULLISH | Bar Close In: 1s
2026-09-04 16:04:03 [INFO   ] [HUNTING ENTRY] EMA(5/13) Min1 | Fast: 2.371 | Slow: 2.371 | Diff: +0.000 (+0.00%) | Trend: BULLISH | Bar Close In: 57s
2026-09-04 16:04:07 [INFO   ] [HUNTING ENTRY] EMA(5/13) Min1 | Fast: 2.371 | Slow: 2.371 | Diff: +0.000 (+0.00%) | Trend: BULLISH | Bar Close In: 53s
2026-09-04 16:04:11 [INFO   ] [HUNTING ENTRY] EMA(5/13) Min1 | Fast: 2.371 | Slow: 2.371 | Diff: +0.000 (+0.00%) | Trend: BULLISH | Bar Close In: 49s
2026-09-04 16:04:15 [INFO   ] [HUNTING ENTRY] EMA(5/13) Min1 | Fast: 2.371 | Slow: 2.371 | Diff: +0.000 (+0.00%) | Trend: BULLISH | Bar Close In: 45s
2026-09-04 16:04:19 [INFO   ] [HUNTING ENTRY] EMA(5/13) Min1 | Fast: 2.371 | Slow: 2.371 | Diff: -0.000 (-0.00%) | Trend: BEARISH | Bar Close In: 40s
2026-09-04 16:04:23 [INFO   ] [HUNTING ENTRY] EMA(5/13) Min1 | Fast: 2.371 | Slow: 2.371 | Diff: -0.000 (-0.00%) | Trend: BEARISH | Bar Close In: 36s
2026-09-04 16:04:27 [INFO   ] [HUNTING ENTRY] EMA(5/13) Min1 | Fast: 2.371 | Slow: 2.371 | Diff: +0.000 (+0.00%) | Trend: BULLISH | Bar Close In: 32s
2026-09-04 16:04:32 [INFO   ] [HUNTING ENTRY] EMA(5/13) Min1 | Fast: 2.371 | Slow: 2.371 | Diff: +0.000 (+0.00%) | Trend: BULLISH | Bar Close In: 28s
2026-09-04 16:04:36 [INFO   ] [HUNTING ENTRY] EMA(5/13) Min1 | Fast: 2.370 | Slow: 2.370 | Diff: -0.000 (-0.02%) | Trend: BEARISH | Bar Close In: 24s
2026-09-04 16:04:40 [INFO   ] [HUNTING ENTRY] EMA(5/13) Min1 | Fast: 2.370 | Slow: 2.370 | Diff: -0.000 (-0.01%) | Trend: BEARISH | Bar Close In: 19s
2026-09-04 16:04:45 [INFO   ] [HUNTING ENTRY] EMA(5/13) Min1 | Fast: 2.370 | Slow: 2.370 | Diff: -0.000 (-0.01%) | Trend: BEARISH | Bar Close In: 15s
2026-09-04 16:04:49 [INFO   ] [HUNTING ENTRY] EMA(5/13) Min1 | Fast: 2.370 | Slow: 2.370 | Diff: -0.000 (-0.01%) | Trend: BEARISH | Bar Close In: 11s
2026-09-04 16:04:53 [INFO   ] [HUNTING ENTRY] EMA(5/13) Min1 | Fast: 2.370 | Slow: 2.370 | Diff: -0.000 (-0.01%) | Trend: BEARISH | Bar Close In: 7s
2026-09-04 16:04:57 [INFO   ] [HUNTING ENTRY] EMA(5/13) Min1 | Fast: 2.371 | Slow: 2.371 | Diff: -0.000 (-0.00%) | Trend: BEARISH | Bar Close In: 2s
2026-09-04 16:05:02 [INFO   ] ============================================================================
2026-09-04 16:05:02 [INFO   ]    EXECUTING TRADE #2 [SHORT] - TRUMP_USDT
2026-09-04 16:05:02 [INFO   ] ============================================================================
2026-09-04 16:05:02 [INFO   ] Pre-Trade Spec: Vol: 2 contract(s) (0.2 TRUMP) | Trade Qty (Notional): +0.4738 USDT (+INR 44.76) | Committed Margin (Qty/75x): +0.0063 USDT (+INR 0.60)
2026-09-04 16:05:02 [INFO   ] Reference Price: 2.369 USDT | Attached Min-Profit TP: 2.368 USDT (+1 pu) | Attached SL: 2.375 USDT (-10 ticks)
2026-09-04 16:05:02 [INFO   ] [DRY-RUN] Simulated Order Filled: Entry = 2.368 USDT | Min-Profit TP = 2.367 USDT (+1 pu) | SL = 2.374 USDT (-10 ticks)
2026-09-04 16:05:02 [INFO   ] [DRY-RUN] Actively monitoring live market prices for TP (2.367) or SL (2.374)...
2026-09-04 16:05:08 [INFO   ] [DRY-RUN MONITOR] Price: 2.369 USDT | TP: 2.367 | SL: 2.374 | Unrealized PnL: -0.000200 USDT
2026-09-04 16:05:15 [INFO   ] [DRY-RUN MONITOR] Price: 2.369 USDT | TP: 2.367 | SL: 2.374 | Unrealized PnL: -0.000200 USDT
2026-09-04 16:05:21 [INFO   ] [DRY-RUN MONITOR] Price: 2.369 USDT | TP: 2.367 | SL: 2.374 | Unrealized PnL: -0.000200 USDT
2026-09-04 16:05:27 [INFO   ] [DRY-RUN MONITOR] Price: 2.368 USDT | TP: 2.367 | SL: 2.374 | Unrealized PnL: +0.000000 USDT
2026-09-04 16:05:33 [INFO   ] [DRY-RUN MONITOR] Price: 2.368 USDT | TP: 2.367 | SL: 2.374 | Unrealized PnL: +0.000000 USDT
2026-09-04 16:05:39 [INFO   ] [DRY-RUN MONITOR] Price: 2.368 USDT | TP: 2.367 | SL: 2.374 | Unrealized PnL: +0.000000 USDT
2026-09-04 16:05:42 [INFO   ] [DRY-RUN TARGET HIT] Market reached TP! Exit: 2.367 USDT (Market Ask: 2.368, Last: 2.367)
2026-09-04 16:05:43 [INFO   ] [SIMULATED WALLET] Balance: 0.0754 USDT (INR 7.12)
2026-09-04 16:05:43 [INFO   ] 
==============================================================================
TRADE #2 OUTCOME JOURNAL | Closed at: 2026-09-04 16:05:42 | [🟢 SIMULATED / DRY-RUN]
==============================================================================
Execution Mode     : [🟢 SIMULATED / DRY-RUN]
Symbol & Direction : TRUMP_USDT [SHORT] (75x isolated)
Strategy Name      : EMACrossover(5/13-SHORT)
Volume Executed    : 2 contract(s) (0.2 TRUMP)
Trade Quantity     : 0.4736 USDT (INR 44.74) [Notional exposure]
Margin Committed   : 0.0063 USDT (INR 0.60) [Trade Qty / 75x leverage]
Entry Price        : 2.368 USDT (Opened: 2026-09-04 16:05:02)
Exit Price         : 2.367 USDT (Duration: 40.10s)
Tick Size (pu)     : 0.001 USDT
Min-Profit TP Target: 2.367 USDT (Offset: +1 pu / +0.001 USDT)
Stop Loss Level    : 2.374 USDT (Offset: -6 pu / -0.006 USDT | -0.253% price | -19.0% ROE)
Exit Reason        : MIN_PROFIT_TP_HIT
------------------------------------------------------------------------------
REALIZED PnL       : +0.000200 USDT (+INR 0.0189)
Return on Equity   : +3.17% (Price move: +0.042%)
Trading Fees       : 0.000000 USDT (INR 0.0000) [Zero-Fee Pair]
ACCOUNT BALANCE    : 0.0754 USDT (INR 7.12)
------------------------------------------------------------------------------
CUMULATIVE STATS   : Total Trades: 2 | Wins: 2 | Losses: 0 | Scratch: 0
Win Rate           : 100.0%
Net Cumulative PnL : +0.000400 USDT (+INR 0.0378)
Live USD/INR Rate  : INR 94.47 per USD
==============================================================================

2026-09-04 16:05:43 [INFO   ] Initiating 10s cooldown before next trade cycle...
2026-09-04 16:05:53 [INFO   ] [HUNTING ENTRY] EMA(5/13) Min1 | Fast: 2.370 | Slow: 2.370 | Diff: -0.000 (-0.01%) | Trend: BEARISH | Bar Close In: 6s
2026-09-04 16:05:58 [INFO   ] [HUNTING ENTRY] EMA(5/13) Min1 | Fast: 2.370 | Slow: 2.370 | Diff: -0.000 (-0.01%) | Trend: BEARISH | Bar Close In: 2s
2026-09-04 16:06:02 [INFO   ] [HUNTING ENTRY] EMA(5/13) Min1 | Fast: 2.370 | Slow: 2.370 | Diff: -0.000 (-0.01%) | Trend: BEARISH | Bar Close In: 58s
2026-09-04 16:06:06 [INFO   ] [HUNTING ENTRY] EMA(5/13) Min1 | Fast: 2.370 | Slow: 2.370 | Diff: -0.000 (-0.01%) | Trend: BEARISH | Bar Close In: 53s
2026-09-04 16:06:10 [INFO   ] [HUNTING ENTRY] EMA(5/13) Min1 | Fast: 2.370 | Slow: 2.370 | Diff: -0.000 (-0.01%) | Trend: BEARISH | Bar Close In: 49s
2026-09-04 16:06:15 [INFO   ] [HUNTING ENTRY] EMA(5/13) Min1 | Fast: 2.370 | Slow: 2.370 | Diff: -0.000 (-0.00%) | Trend: BEARISH | Bar Close In: 45s
2026-09-04 16:06:19 [INFO   ] [HUNTING ENTRY] EMA(5/13) Min1 | Fast: 2.370 | Slow: 2.370 | Diff: -0.000 (-0.00%) | Trend: BEARISH | Bar Close In: 41s
2026-09-04 16:06:23 [INFO   ] [HUNTING ENTRY] EMA(5/13) Min1 | Fast: 2.370 | Slow: 2.370 | Diff: -0.000 (-0.00%) | Trend: BEARISH | Bar Close In: 36s
2026-09-04 16:06:28 [INFO   ] [HUNTING ENTRY] EMA(5/13) Min1 | Fast: 2.370 | Slow: 2.370 | Diff: -0.000 (-0.00%) | Trend: BEARISH | Bar Close In: 32s
2026-09-04 16:06:32 [INFO   ] [HUNTING ENTRY] EMA(5/13) Min1 | Fast: 2.370 | Slow: 2.370 | Diff: -0.000 (-0.01%) | Trend: BEARISH | Bar Close In: 28s
2026-09-04 16:06:36 [INFO   ] [HUNTING ENTRY] EMA(5/13) Min1 | Fast: 2.370 | Slow: 2.370 | Diff: -0.000 (-0.00%) | Trend: BEARISH | Bar Close In: 24s
2026-09-04 16:06:40 [INFO   ] [HUNTING ENTRY] EMA(5/13) Min1 | Fast: 2.370 | Slow: 2.370 | Diff: -0.000 (-0.01%) | Trend: BEARISH | Bar Close In: 20s
2026-09-04 16:06:44 [INFO   ] [HUNTING ENTRY] EMA(5/13) Min1 | Fast: 2.370 | Slow: 2.370 | Diff: -0.000 (-0.01%) | Trend: BEARISH | Bar Close In: 15s
2026-09-04 16:06:49 [INFO   ] [HUNTING ENTRY] EMA(5/13) Min1 | Fast: 2.370 | Slow: 2.370 | Diff: -0.000 (-0.01%) | Trend: BEARISH | Bar Close In: 11s
2026-09-04 16:06:53 [INFO   ] [HUNTING ENTRY] EMA(5/13) Min1 | Fast: 2.370 | Slow: 2.370 | Diff: -0.000 (-0.01%) | Trend: BEARISH | Bar Close In: 7s
2026-09-04 16:06:57 [INFO   ] [HUNTING ENTRY] EMA(5/13) Min1 | Fast: 2.370 | Slow: 2.370 | Diff: -0.000 (-0.01%) | Trend: BEARISH | Bar Close In: 3s
2026-09-04 16:07:01 [INFO   ] [HUNTING ENTRY] EMA(5/13) Min1 | Fast: 2.370 | Slow: 2.370 | Diff: -0.000 (-0.01%) | Trend: BEARISH | Bar Close In: 58s
2026-09-04 16:07:05 [INFO   ] [HUNTING ENTRY] EMA(5/13) Min1 | Fast: 2.371 | Slow: 2.371 | Diff: +0.000 (+0.01%) | Trend: BULLISH | Bar Close In: 54s
2026-09-04 16:07:10 [INFO   ] [HUNTING ENTRY] EMA(5/13) Min1 | Fast: 2.371 | Slow: 2.371 | Diff: +0.000 (+0.01%) | Trend: BULLISH | Bar Close In: 50s
2026-09-04 16:07:14 [INFO   ] [HUNTING ENTRY] EMA(5/13) Min1 | Fast: 2.371 | Slow: 2.371 | Diff: +0.000 (+0.01%) | Trend: BULLISH | Bar Close In: 46s
2026-09-04 16:07:18 [INFO   ] [HUNTING ENTRY] EMA(5/13) Min1 | Fast: 2.371 | Slow: 2.371 | Diff: +0.000 (+0.01%) | Trend: BULLISH | Bar Close In: 41s
2026-09-04 16:07:22 [INFO   ] [HUNTING ENTRY] EMA(5/13) Min1 | Fast: 2.371 | Slow: 2.371 | Diff: +0.000 (+0.01%) | Trend: BULLISH | Bar Close In: 37s
2026-09-04 16:07:26 [INFO   ] [HUNTING ENTRY] EMA(5/13) Min1 | Fast: 2.371 | Slow: 2.371 | Diff: +0.001 (+0.02%) | Trend: BULLISH | Bar Close In: 33s
2026-09-04 16:07:31 [INFO   ] [HUNTING ENTRY] EMA(5/13) Min1 | Fast: 2.372 | Slow: 2.371 | Diff: +0.001 (+0.03%) | Trend: BULLISH | Bar Close In: 29s
2026-09-04 16:07:35 [INFO   ] [HUNTING ENTRY] EMA(5/13) Min1 | Fast: 2.372 | Slow: 2.371 | Diff: +0.001 (+0.03%) | Trend: BULLISH | Bar Close In: 25s
2026-09-04 16:07:39 [INFO   ] [HUNTING ENTRY] EMA(5/13) Min1 | Fast: 2.372 | Slow: 2.371 | Diff: +0.001 (+0.04%) | Trend: BULLISH | Bar Close In: 20s
2026-09-04 16:07:43 [INFO   ] [HUNTING ENTRY] EMA(5/13) Min1 | Fast: 2.372 | Slow: 2.371 | Diff: +0.001 (+0.03%) | Trend: BULLISH | Bar Close In: 16s
2026-09-04 16:07:48 [INFO   ] [HUNTING ENTRY] EMA(5/13) Min1 | Fast: 2.372 | Slow: 2.371 | Diff: +0.001 (+0.04%) | Trend: BULLISH | Bar Close In: 12s
2026-09-04 16:07:52 [INFO   ] [HUNTING ENTRY] EMA(5/13) Min1 | Fast: 2.372 | Slow: 2.371 | Diff: +0.001 (+0.04%) | Trend: BULLISH | Bar Close In: 7s
2026-09-04 16:07:57 [INFO   ] [HUNTING ENTRY] EMA(5/13) Min1 | Fast: 2.372 | Slow: 2.371 | Diff: +0.001 (+0.05%) | Trend: BULLISH | Bar Close In: 3s
2026-09-04 16:08:00 [INFO   ] ============================================================================
2026-09-04 16:08:00 [INFO   ]    EXECUTING TRADE #3 [LONG] - TRUMP_USDT
2026-09-04 16:08:00 [INFO   ] ============================================================================
2026-09-04 16:08:01 [INFO   ] Pre-Trade Spec: Vol: 2 contract(s) (0.2 TRUMP) | Trade Qty (Notional): +0.4754 USDT (+INR 44.91) | Committed Margin (Qty/75x): +0.0063 USDT (+INR 0.60)
2026-09-04 16:08:01 [INFO   ] Reference Price: 2.377 USDT | Attached Min-Profit TP: 2.378 USDT (+1 pu) | Attached SL: 2.371 USDT (-10 ticks)
2026-09-04 16:08:01 [INFO   ] [DRY-RUN] Simulated Order Filled: Entry = 2.377 USDT | Min-Profit TP = 2.378 USDT (+1 pu) | SL = 2.371 USDT (-10 ticks)
2026-09-04 16:08:01 [INFO   ] [DRY-RUN] Actively monitoring live market prices for TP (2.378) or SL (2.371)...
2026-09-04 16:08:08 [INFO   ] [DRY-RUN MONITOR] Price: 2.376 USDT | TP: 2.378 | SL: 2.371 | Unrealized PnL: -0.000200 USDT
2026-09-04 16:08:15 [INFO   ] [DRY-RUN MONITOR] Price: 2.375 USDT | TP: 2.378 | SL: 2.371 | Unrealized PnL: -0.000400 USDT
2026-09-04 16:08:22 [INFO   ] [DRY-RUN MONITOR] Price: 2.375 USDT | TP: 2.378 | SL: 2.371 | Unrealized PnL: -0.000400 USDT
2026-09-04 16:08:28 [INFO   ] [DRY-RUN MONITOR] Price: 2.375 USDT | TP: 2.378 | SL: 2.371 | Unrealized PnL: -0.000400 USDT
2026-09-04 16:08:34 [INFO   ] [DRY-RUN MONITOR] Price: 2.375 USDT | TP: 2.378 | SL: 2.371 | Unrealized PnL: -0.000400 USDT
2026-09-04 16:08:40 [INFO   ] [DRY-RUN MONITOR] Price: 2.374 USDT | TP: 2.378 | SL: 2.371 | Unrealized PnL: -0.000600 USDT
2026-09-04 16:08:48 [INFO   ] [DRY-RUN MONITOR] Price: 2.374 USDT | TP: 2.378 | SL: 2.371 | Unrealized PnL: -0.000600 USDT
2026-09-04 16:08:54 [INFO   ] [DRY-RUN MONITOR] Price: 2.375 USDT | TP: 2.378 | SL: 2.371 | Unrealized PnL: -0.000400 USDT
2026-09-04 16:08:59 [INFO   ] [DRY-RUN MONITOR] Price: 2.375 USDT | TP: 2.378 | SL: 2.371 | Unrealized PnL: -0.000400 USDT
2026-09-04 16:09:06 [INFO   ] [DRY-RUN MONITOR] Price: 2.375 USDT | TP: 2.378 | SL: 2.371 | Unrealized PnL: -0.000400 USDT
2026-09-04 16:09:13 [INFO   ] [DRY-RUN MONITOR] Price: 2.375 USDT | TP: 2.378 | SL: 2.371 | Unrealized PnL: -0.000400 USDT
2026-09-04 16:09:19 [INFO   ] [DRY-RUN MONITOR] Price: 2.375 USDT | TP: 2.378 | SL: 2.371 | Unrealized PnL: -0.000400 USDT
2026-09-04 16:09:25 [INFO   ] [DRY-RUN MONITOR] Price: 2.375 USDT | TP: 2.378 | SL: 2.371 | Unrealized PnL: -0.000400 USDT
2026-09-04 16:09:31 [INFO   ] [DRY-RUN MONITOR] Price: 2.376 USDT | TP: 2.378 | SL: 2.371 | Unrealized PnL: -0.000200 USDT
2026-09-04 16:09:38 [INFO   ] [DRY-RUN MONITOR] Price: 2.376 USDT | TP: 2.378 | SL: 2.371 | Unrealized PnL: -0.000200 USDT
2026-09-04 16:09:45 [INFO   ] [DRY-RUN MONITOR] Price: 2.376 USDT | TP: 2.378 | SL: 2.371 | Unrealized PnL: -0.000200 USDT
2026-09-04 16:09:51 [INFO   ] [DRY-RUN MONITOR] Price: 2.377 USDT | TP: 2.378 | SL: 2.371 | Unrealized PnL: +0.000000 USDT
2026-09-04 16:09:57 [INFO   ] [DRY-RUN MONITOR] Price: 2.377 USDT | TP: 2.378 | SL: 2.371 | Unrealized PnL: +0.000000 USDT
2026-09-04 16:10:00 [INFO   ] [DRY-RUN TARGET HIT] Market reached TP! Exit: 2.378 USDT (Market Bid: 2.380, Last: 2.381)
2026-09-04 16:10:01 [INFO   ] [SIMULATED WALLET] Balance: 0.0756 USDT (INR 7.14)
2026-09-04 16:10:01 [INFO   ] 
==============================================================================
TRADE #3 OUTCOME JOURNAL | Closed at: 2026-09-04 16:10:00 | [🟢 SIMULATED / DRY-RUN]
==============================================================================
Execution Mode     : [🟢 SIMULATED / DRY-RUN]
Symbol & Direction : TRUMP_USDT [LONG] (75x isolated)
Strategy Name      : EMACrossover(5/13-LONG)
Volume Executed    : 2 contract(s) (0.2 TRUMP)
Trade Quantity     : 0.4754 USDT (INR 44.91) [Notional exposure]
Margin Committed   : 0.0063 USDT (INR 0.60) [Trade Qty / 75x leverage]
Entry Price        : 2.377 USDT (Opened: 2026-09-04 16:08:01)
Exit Price         : 2.378 USDT (Duration: 119.58s)
Tick Size (pu)     : 0.001 USDT
Min-Profit TP Target: 2.378 USDT (Offset: +1 pu / +0.001 USDT)
Stop Loss Level    : 2.371 USDT (Offset: -6 pu / -0.006 USDT | -0.252% price | -18.9% ROE)
Exit Reason        : MIN_PROFIT_TP_HIT
------------------------------------------------------------------------------
REALIZED PnL       : +0.000200 USDT (+INR 0.0189)
Return on Equity   : +3.16% (Price move: +0.042%)
Trading Fees       : 0.000000 USDT (INR 0.0000) [Zero-Fee Pair]
ACCOUNT BALANCE    : 0.0756 USDT (INR 7.14)
------------------------------------------------------------------------------
CUMULATIVE STATS   : Total Trades: 3 | Wins: 3 | Losses: 0 | Scratch: 0
Win Rate           : 100.0%
Net Cumulative PnL : +0.000600 USDT (+INR 0.0567)
Live USD/INR Rate  : INR 94.47 per USD
==============================================================================

2026-09-04 16:10:01 [INFO   ] Initiating 10s cooldown before next trade cycle...
2026-09-04 16:10:11 [INFO   ] [HUNTING ENTRY] EMA(5/13) Min1 | Fast: 2.378 | Slow: 2.374 | Diff: +0.003 (+0.14%) | Trend: BULLISH | Bar Close In: 48s
2026-09-04 16:10:16 [INFO   ] [HUNTING ENTRY] EMA(5/13) Min1 | Fast: 2.378 | Slow: 2.374 | Diff: +0.003 (+0.15%) | Trend: BULLISH | Bar Close In: 44s
2026-09-04 16:10:20 [INFO   ] [HUNTING ENTRY] EMA(5/13) Min1 | Fast: 2.378 | Slow: 2.375 | Diff: +0.004 (+0.16%) | Trend: BULLISH | Bar Close In: 39s
2026-09-04 16:10:24 [INFO   ] [HUNTING ENTRY] EMA(5/13) Min1 | Fast: 2.378 | Slow: 2.374 | Diff: +0.003 (+0.15%) | Trend: BULLISH | Bar Close In: 35s
2026-09-04 16:10:28 [INFO   ] [HUNTING ENTRY] EMA(5/13) Min1 | Fast: 2.379 | Slow: 2.375 | Diff: +0.004 (+0.16%) | Trend: BULLISH | Bar Close In: 31s
2026-09-04 16:10:33 [INFO   ] [HUNTING ENTRY] EMA(5/13) Min1 | Fast: 2.378 | Slow: 2.375 | Diff: +0.004 (+0.16%) | Trend: BULLISH | Bar Close In: 27s
2026-09-04 16:10:37 [INFO   ] [HUNTING ENTRY] EMA(5/13) Min1 | Fast: 2.378 | Slow: 2.375 | Diff: +0.004 (+0.16%) | Trend: BULLISH | Bar Close In: 23s
2026-09-04 16:10:41 [INFO   ] [HUNTING ENTRY] EMA(5/13) Min1 | Fast: 2.378 | Slow: 2.375 | Diff: +0.004 (+0.16%) | Trend: BULLISH | Bar Close In: 19s
2026-09-04 16:10:45 [INFO   ] [HUNTING ENTRY] EMA(5/13) Min1 | Fast: 2.379 | Slow: 2.375 | Diff: +0.004 (+0.16%) | Trend: BULLISH | Bar Close In: 14s
2026-09-04 16:10:49 [INFO   ] [HUNTING ENTRY] EMA(5/13) Min1 | Fast: 2.378 | Slow: 2.374 | Diff: +0.003 (+0.14%) | Trend: BULLISH | Bar Close In: 10s
2026-09-04 16:10:53 [INFO   ] [HUNTING ENTRY] EMA(5/13) Min1 | Fast: 2.378 | Slow: 2.374 | Diff: +0.003 (+0.14%) | Trend: BULLISH | Bar Close In: 6s
2026-09-04 16:10:58 [INFO   ] [HUNTING ENTRY] EMA(5/13) Min1 | Fast: 2.378 | Slow: 2.374 | Diff: +0.003 (+0.14%) | Trend: BULLISH | Bar Close In: 2s
2026-09-04 16:11:02 [INFO   ] [HUNTING ENTRY] EMA(5/13) Min1 | Fast: 2.378 | Slow: 2.375 | Diff: +0.003 (+0.14%) | Trend: BULLISH | Bar Close In: 58s
2026-09-04 16:11:06 [INFO   ] [HUNTING ENTRY] EMA(5/13) Min1 | Fast: 2.378 | Slow: 2.375 | Diff: +0.003 (+0.13%) | Trend: BULLISH | Bar Close In: 54s
2026-09-04 16:11:10 [INFO   ] [HUNTING ENTRY] EMA(5/13) Min1 | Fast: 2.378 | Slow: 2.375 | Diff: +0.003 (+0.12%) | Trend: BULLISH | Bar Close In: 49s
2026-09-04 16:11:14 [INFO   ] [HUNTING ENTRY] EMA(5/13) Min1 | Fast: 2.377 | Slow: 2.375 | Diff: +0.003 (+0.11%) | Trend: BULLISH | Bar Close In: 45s
2026-09-04 16:11:19 [INFO   ] [HUNTING ENTRY] EMA(5/13) Min1 | Fast: 2.377 | Slow: 2.375 | Diff: +0.003 (+0.11%) | Trend: BULLISH | Bar Close In: 41s
2026-09-04 16:11:23 [INFO   ] [HUNTING ENTRY] EMA(5/13) Min1 | Fast: 2.377 | Slow: 2.375 | Diff: +0.003 (+0.11%) | Trend: BULLISH | Bar Close In: 36s
2026-09-04 16:11:27 [INFO   ] [HUNTING ENTRY] EMA(5/13) Min1 | Fast: 2.375 | Slow: 2.374 | Diff: +0.001 (+0.05%) | Trend: BULLISH | Bar Close In: 32s
2026-09-04 16:11:32 [INFO   ] [HUNTING ENTRY] EMA(5/13) Min1 | Fast: 2.375 | Slow: 2.374 | Diff: +0.001 (+0.05%) | Trend: BULLISH | Bar Close In: 28s
2026-09-04 16:11:36 [INFO   ] [HUNTING ENTRY] EMA(5/13) Min1 | Fast: 2.375 | Slow: 2.374 | Diff: +0.001 (+0.05%) | Trend: BULLISH | Bar Close In: 24s
2026-09-04 16:11:40 [INFO   ] [HUNTING ENTRY] EMA(5/13) Min1 | Fast: 2.375 | Slow: 2.374 | Diff: +0.001 (+0.05%) | Trend: BULLISH | Bar Close In: 20s
2026-09-04 16:11:44 [INFO   ] [HUNTING ENTRY] EMA(5/13) Min1 | Fast: 2.374 | Slow: 2.373 | Diff: +0.001 (+0.04%) | Trend: BULLISH | Bar Close In: 16s
2026-09-04 16:11:48 [INFO   ] [HUNTING ENTRY] EMA(5/13) Min1 | Fast: 2.374 | Slow: 2.373 | Diff: +0.001 (+0.04%) | Trend: BULLISH | Bar Close In: 12s
2026-09-04 16:11:52 [INFO   ] [HUNTING ENTRY] EMA(5/13) Min1 | Fast: 2.374 | Slow: 2.373 | Diff: +0.001 (+0.04%) | Trend: BULLISH | Bar Close In: 7s
2026-09-04 16:11:56 [INFO   ] [HUNTING ENTRY] EMA(5/13) Min1 | Fast: 2.374 | Slow: 2.373 | Diff: +0.001 (+0.04%) | Trend: BULLISH | Bar Close In: 3s
2026-09-04 16:12:00 [INFO   ] [HUNTING ENTRY] EMA(5/13) Min1 | Fast: 2.373 | Slow: 2.373 | Diff: +0.000 (+0.01%) | Trend: BULLISH | Bar Close In: 59s
2026-09-04 16:12:05 [INFO   ] [HUNTING ENTRY] EMA(5/13) Min1 | Fast: 2.373 | Slow: 2.373 | Diff: +0.000 (+0.01%) | Trend: BULLISH | Bar Close In: 55s
2026-09-04 16:12:09 [INFO   ] [HUNTING ENTRY] EMA(5/13) Min1 | Fast: 2.372 | Slow: 2.373 | Diff: -0.000 (-0.01%) | Trend: BEARISH | Bar Close In: 50s
2026-09-04 16:12:13 [INFO   ] [HUNTING ENTRY] EMA(5/13) Min1 | Fast: 2.372 | Slow: 2.373 | Diff: -0.000 (-0.01%) | Trend: BEARISH | Bar Close In: 46s
2026-09-04 16:12:18 [INFO   ] [HUNTING ENTRY] EMA(5/13) Min1 | Fast: 2.372 | Slow: 2.373 | Diff: -0.000 (-0.01%) | Trend: BEARISH | Bar Close In: 42s
2026-09-04 16:12:22 [INFO   ] [HUNTING ENTRY] EMA(5/13) Min1 | Fast: 2.372 | Slow: 2.373 | Diff: -0.000 (-0.01%) | Trend: BEARISH | Bar Close In: 38s
2026-09-04 16:12:26 [INFO   ] [HUNTING ENTRY] EMA(5/13) Min1 | Fast: 2.373 | Slow: 2.373 | Diff: -0.000 (-0.00%) | Trend: BEARISH | Bar Close In: 33s
2026-09-04 16:12:30 [INFO   ] [HUNTING ENTRY] EMA(5/13) Min1 | Fast: 2.373 | Slow: 2.373 | Diff: -0.000 (-0.00%) | Trend: BEARISH | Bar Close In: 29s
2026-09-04 16:12:35 [INFO   ] [HUNTING ENTRY] EMA(5/13) Min1 | Fast: 2.373 | Slow: 2.373 | Diff: +0.000 (+0.01%) | Trend: BULLISH | Bar Close In: 25s
2026-09-04 16:12:39 [INFO   ] [HUNTING ENTRY] EMA(5/13) Min1 | Fast: 2.373 | Slow: 2.373 | Diff: +0.000 (+0.01%) | Trend: BULLISH | Bar Close In: 21s
2026-09-04 16:12:43 [INFO   ] [HUNTING ENTRY] EMA(5/13) Min1 | Fast: 2.373 | Slow: 2.373 | Diff: +0.000 (+0.01%) | Trend: BULLISH | Bar Close In: 16s
2026-09-04 16:12:47 [INFO   ] [HUNTING ENTRY] EMA(5/13) Min1 | Fast: 2.373 | Slow: 2.373 | Diff: +0.000 (+0.01%) | Trend: BULLISH | Bar Close In: 12s
2026-09-04 16:12:52 [INFO   ] [HUNTING ENTRY] EMA(5/13) Min1 | Fast: 2.373 | Slow: 2.373 | Diff: +0.000 (+0.01%) | Trend: BULLISH | Bar Close In: 8s
2026-09-04 16:12:56 [INFO   ] [HUNTING ENTRY] EMA(5/13) Min1 | Fast: 2.373 | Slow: 2.373 | Diff: +0.000 (+0.01%) | Trend: BULLISH | Bar Close In: 4s
2026-09-04 16:13:00 [INFO   ] ============================================================================
2026-09-04 16:13:00 [INFO   ]    EXECUTING TRADE #4 [SHORT] - TRUMP_USDT
2026-09-04 16:13:00 [INFO   ] ============================================================================
2026-09-04 16:13:01 [INFO   ] Pre-Trade Spec: Vol: 2 contract(s) (0.2 TRUMP) | Trade Qty (Notional): +0.4740 USDT (+INR 44.78) | Committed Margin (Qty/75x): +0.0063 USDT (+INR 0.60)
2026-09-04 16:13:01 [INFO   ] Reference Price: 2.370 USDT | Attached Min-Profit TP: 2.369 USDT (+1 pu) | Attached SL: 2.376 USDT (-10 ticks)
2026-09-04 16:13:01 [INFO   ] [DRY-RUN] Simulated Order Filled: Entry = 2.369 USDT | Min-Profit TP = 2.368 USDT (+1 pu) | SL = 2.375 USDT (-10 ticks)
2026-09-04 16:13:01 [INFO   ] [DRY-RUN] Actively monitoring live market prices for TP (2.368) or SL (2.375)...
2026-09-04 16:13:08 [INFO   ] [DRY-RUN MONITOR] Price: 2.370 USDT | TP: 2.368 | SL: 2.375 | Unrealized PnL: -0.000200 USDT
2026-09-04 16:13:15 [INFO   ] [DRY-RUN MONITOR] Price: 2.371 USDT | TP: 2.368 | SL: 2.375 | Unrealized PnL: -0.000400 USDT
2026-09-04 16:13:21 [INFO   ] [DRY-RUN MONITOR] Price: 2.372 USDT | TP: 2.368 | SL: 2.375 | Unrealized PnL: -0.000600 USDT
2026-09-04 16:13:28 [INFO   ] [DRY-RUN MONITOR] Price: 2.372 USDT | TP: 2.368 | SL: 2.375 | Unrealized PnL: -0.000600 USDT
2026-09-04 16:13:36 [INFO   ] [DRY-RUN MONITOR] Price: 2.372 USDT | TP: 2.368 | SL: 2.375 | Unrealized PnL: -0.000600 USDT
2026-09-04 16:13:43 [INFO   ] [DRY-RUN MONITOR] Price: 2.372 USDT | TP: 2.368 | SL: 2.375 | Unrealized PnL: -0.000600 USDT
2026-09-04 16:13:49 [INFO   ] [DRY-RUN MONITOR] Price: 2.372 USDT | TP: 2.368 | SL: 2.375 | Unrealized PnL: -0.000600 USDT
2026-09-04 16:13:56 [INFO   ] [DRY-RUN MONITOR] Price: 2.371 USDT | TP: 2.368 | SL: 2.375 | Unrealized PnL: -0.000400 USDT
2026-09-04 16:14:03 [INFO   ] [DRY-RUN MONITOR] Price: 2.371 USDT | TP: 2.368 | SL: 2.375 | Unrealized PnL: -0.000400 USDT
2026-09-04 16:14:09 [INFO   ] [DRY-RUN MONITOR] Price: 2.371 USDT | TP: 2.368 | SL: 2.375 | Unrealized PnL: -0.000400 USDT
2026-09-04 16:14:15 [INFO   ] [DRY-RUN MONITOR] Price: 2.373 USDT | TP: 2.368 | SL: 2.375 | Unrealized PnL: -0.000800 USDT
2026-09-04 16:14:21 [INFO   ] [DRY-RUN MONITOR] Price: 2.373 USDT | TP: 2.368 | SL: 2.375 | Unrealized PnL: -0.000800 USDT
2026-09-04 16:14:27 [INFO   ] [DRY-RUN MONITOR] Price: 2.373 USDT | TP: 2.368 | SL: 2.375 | Unrealized PnL: -0.000800 USDT
2026-09-04 16:14:34 [INFO   ] [DRY-RUN MONITOR] Price: 2.374 USDT | TP: 2.368 | SL: 2.375 | Unrealized PnL: -0.001000 USDT
2026-09-04 16:14:40 [INFO   ] [DRY-RUN MONITOR] Price: 2.373 USDT | TP: 2.368 | SL: 2.375 | Unrealized PnL: -0.000800 USDT
2026-09-04 16:14:46 [INFO   ] [DRY-RUN MONITOR] Price: 2.373 USDT | TP: 2.368 | SL: 2.375 | Unrealized PnL: -0.000800 USDT
2026-09-04 16:14:53 [INFO   ] [DRY-RUN MONITOR] Price: 2.372 USDT | TP: 2.368 | SL: 2.375 | Unrealized PnL: -0.000600 USDT
2026-09-04 16:15:00 [INFO   ] [DRY-RUN MONITOR] Price: 2.372 USDT | TP: 2.368 | SL: 2.375 | Unrealized PnL: -0.000600 USDT
2026-09-04 16:15:06 [INFO   ] [DRY-RUN MONITOR] Price: 2.372 USDT | TP: 2.368 | SL: 2.375 | Unrealized PnL: -0.000600 USDT
2026-09-04 16:15:12 [INFO   ] [DRY-RUN MONITOR] Price: 2.373 USDT | TP: 2.368 | SL: 2.375 | Unrealized PnL: -0.000800 USDT
2026-09-04 16:15:18 [INFO   ] [DRY-RUN MONITOR] Price: 2.373 USDT | TP: 2.368 | SL: 2.375 | Unrealized PnL: -0.000800 USDT
2026-09-04 16:15:26 [INFO   ] [DRY-RUN MONITOR] Price: 2.370 USDT | TP: 2.368 | SL: 2.375 | Unrealized PnL: -0.000200 USDT
2026-09-04 16:15:32 [INFO   ] [DRY-RUN MONITOR] Price: 2.370 USDT | TP: 2.368 | SL: 2.375 | Unrealized PnL: -0.000200 USDT
2026-09-04 16:15:38 [INFO   ] [DRY-RUN MONITOR] Price: 2.370 USDT | TP: 2.368 | SL: 2.375 | Unrealized PnL: -0.000200 USDT
2026-09-04 16:15:44 [INFO   ] [DRY-RUN MONITOR] Price: 2.370 USDT | TP: 2.368 | SL: 2.375 | Unrealized PnL: -0.000200 USDT
2026-09-04 16:15:51 [INFO   ] [DRY-RUN MONITOR] Price: 2.371 USDT | TP: 2.368 | SL: 2.375 | Unrealized PnL: -0.000400 USDT
2026-09-04 16:15:57 [INFO   ] [DRY-RUN MONITOR] Price: 2.371 USDT | TP: 2.368 | SL: 2.375 | Unrealized PnL: -0.000400 USDT
2026-09-04 16:16:03 [INFO   ] [DRY-RUN MONITOR] Price: 2.371 USDT | TP: 2.368 | SL: 2.375 | Unrealized PnL: -0.000400 USDT
2026-09-04 16:16:09 [INFO   ] [DRY-RUN MONITOR] Price: 2.371 USDT | TP: 2.368 | SL: 2.375 | Unrealized PnL: -0.000400 USDT
2026-09-04 16:16:16 [INFO   ] [DRY-RUN MONITOR] Price: 2.371 USDT | TP: 2.368 | SL: 2.375 | Unrealized PnL: -0.000400 USDT
2026-09-04 16:16:22 [INFO   ] [DRY-RUN MONITOR] Price: 2.372 USDT | TP: 2.368 | SL: 2.375 | Unrealized PnL: -0.000600 USDT
2026-09-04 16:16:28 [INFO   ] [DRY-RUN MONITOR] Price: 2.372 USDT | TP: 2.368 | SL: 2.375 | Unrealized PnL: -0.000600 USDT
2026-09-04 16:16:34 [INFO   ] [DRY-RUN MONITOR] Price: 2.372 USDT | TP: 2.368 | SL: 2.375 | Unrealized PnL: -0.000600 USDT
2026-09-04 16:16:41 [INFO   ] [DRY-RUN MONITOR] Price: 2.372 USDT | TP: 2.368 | SL: 2.375 | Unrealized PnL: -0.000600 USDT
2026-09-04 16:16:47 [INFO   ] [DRY-RUN MONITOR] Price: 2.372 USDT | TP: 2.368 | SL: 2.375 | Unrealized PnL: -0.000600 USDT
2026-09-04 16:16:54 [INFO   ] [DRY-RUN MONITOR] Price: 2.374 USDT | TP: 2.368 | SL: 2.375 | Unrealized PnL: -0.001000 USDT
2026-09-04 16:17:02 [INFO   ] [DRY-RUN MONITOR] Price: 2.374 USDT | TP: 2.368 | SL: 2.375 | Unrealized PnL: -0.001000 USDT
2026-09-04 16:17:08 [INFO   ] [DRY-RUN MONITOR] Price: 2.374 USDT | TP: 2.368 | SL: 2.375 | Unrealized PnL: -0.001000 USDT
2026-09-04 16:17:14 [INFO   ] [DRY-RUN MONITOR] Price: 2.374 USDT | TP: 2.368 | SL: 2.375 | Unrealized PnL: -0.001000 USDT
2026-09-04 16:17:14 [INFO   ] ============================================================================
2026-09-04 16:17:14 [INFO   ]    PRE-FLIGHT CHECKS & SYSTEM INITIALIZATION
2026-09-04 16:17:14 [INFO   ] ============================================================================
2026-09-04 16:17:14 [INFO   ] Testing connectivity to KCEX API...
2026-09-04 16:17:15 [INFO   ] Live USD/INR Exchange Rate: INR 94.47 per USD
2026-09-04 16:17:15 [INFO   ] Trading Pair: TRUMP_USDT | Tick Size (pu): 0.001 | Contract Size (cs): 0.1 | Min Volume: 1.0 contract(s)
2026-09-04 16:17:15 [INFO   ] Effective Fees: Maker 0.00% / Taker 0.00% (ZERO FEES CONFIRMED)
2026-09-04 16:17:15 [INFO   ] Engine Mode: DRY-RUN
2026-09-04 16:17:15 [INFO   ] Sub-strategy: StochasticRSI
2026-09-04 16:17:15 [INFO   ] Position Sizing: 1x min quantity (1 min) [Trade Qty != Margin; Committed Margin = Trade Qty / 75x leverage]
2026-09-04 16:17:15 [INFO   ] Target Leverage: 75x isolated
2026-09-04 16:17:15 [INFO   ] Min-Profit Take Profit rule: Entry Price +/- 1 pu (Tick Size)
2026-09-04 16:17:15 [INFO   ] Stop Loss rule: -25.0% ROE on margin
2026-09-04 16:17:15 [INFO   ] Post-trade cooldown: 10.0s
2026-09-04 16:17:15 [INFO   ] ============================================================================
2026-09-04 16:17:15 [INFO   ]    PRE-FLIGHT CHECKS PASSED - ENGINE READY
2026-09-04 16:17:15 [INFO   ] ============================================================================
2026-09-04 16:17:15 [INFO   ] Starting Masterplan Automated Execution Loop...
2026-09-04 16:17:15 [INFO   ] Target Trades: 3
2026-09-04 16:17:15 [INFO   ] [HUNTING ENTRY] StochRSI(FAST_SCALP) Min1 | %K: 28.5 | %D: 25.5 | Diff: +3.0 | Zone: NEUTRAL | Trend: BULLISH | Bar Close In: 44s
2026-09-04 16:17:20 [INFO   ] [HUNTING ENTRY] StochRSI(FAST_SCALP) Min1 | %K: 28.5 | %D: 25.5 | Diff: +3.0 | Zone: NEUTRAL | Trend: BULLISH | Bar Close In: 40s
2026-09-04 16:17:20 [INFO   ] [DRY-RUN MONITOR] Price: 2.374 USDT | TP: 2.368 | SL: 2.375 | Unrealized PnL: -0.001000 USDT
2026-09-04 16:17:24 [INFO   ] [HUNTING ENTRY] StochRSI(FAST_SCALP) Min1 | %K: 25.8 | %D: 24.6 | Diff: +1.2 | Zone: NEUTRAL | Trend: BULLISH | Bar Close In: 35s
2026-09-04 16:17:26 [INFO   ] [DRY-RUN MONITOR] Price: 2.373 USDT | TP: 2.368 | SL: 2.375 | Unrealized PnL: -0.000800 USDT
2026-09-04 16:17:28 [INFO   ] [HUNTING ENTRY] StochRSI(FAST_SCALP) Min1 | %K: 25.8 | %D: 24.6 | Diff: +1.2 | Zone: NEUTRAL | Trend: BULLISH | Bar Close In: 31s
